[     180ms] [INFO] %cDownload the React DevTools for a better development experience: https://reactjs.org/link/react-devtools font-weight:bold @ http://localhost:5173/node_modules/.vite/deps/chunk-GPNLOFWR.js?v=121aaa3a:21550
[     188ms] [WARNING] Lit is in dev mode. Not recommended for production! See https://lit.dev/msg/dev-mode for more information. @ http://localhost:5173/node_modules/.vite/deps/@ui5_webcomponents-react.js?v=121aaa3a:14806
[     205ms] [WARNING] [LocaleData] Supported locale "en_GB" not configured, import the "Assets.js" module from the webcomponents package you are using. @ http://localhost:5173/node_modules/.vite/deps/chunk-LIVYE22X.js?v=121aaa3a:615
[     205ms] [WARNING] [LocaleData] Falling back to loading "en" locale data from CDN. For production usage, please configure locale data loading via the "Assets.js" module of the webcomponents package you are using. @ http://localhost:5173/node_modules/.vite/deps/chunk-LIVYE22X.js?v=121aaa3a:700
[  341060ms] TypeError: Cannot destructure property 'docId' of 'e.detail' as it is null.
    at HTMLDocument.handler (http://localhost:5173/src/components/PersonaShell.jsx?t=1777544519740:48:15)
    at eval (eval at evaluate (:302:30), <anonymous>:2:14)
    at UtilityScript.evaluate (<anonymous>:304:16)
    at UtilityScript.<anonymous> (<anonymous>:1:44)
[  944298ms] [LOG] [vite] server connection lost. Polling for restart... @ http://localhost:5173/@vite/client:559
[  944775ms] [INFO] %cDownload the React DevTools for a better development experience: https://reactjs.org/link/react-devtools font-weight:bold @ http://localhost:5173/node_modules/.vite/deps/chunk-GPNLOFWR.js?v=121aaa3a:21550
[  944787ms] [WARNING] Lit is in dev mode. Not recommended for production! See https://lit.dev/msg/dev-mode for more information. @ http://localhost:5173/node_modules/.vite/deps/@ui5_webcomponents-react.js?v=121aaa3a:14806
[  944825ms] [WARNING] [LocaleData] Supported locale "en_GB" not configured, import the "Assets.js" module from the webcomponents package you are using. @ http://localhost:5173/node_modules/.vite/deps/chunk-LIVYE22X.js?v=121aaa3a:615
[  944825ms] [WARNING] [LocaleData] Falling back to loading "en" locale data from CDN. For production usage, please configure locale data loading via the "Assets.js" module of the webcomponents package you are using. @ http://localhost:5173/node_modules/.vite/deps/chunk-LIVYE22X.js?v=121aaa3a:700
[ 2069094ms] [ERROR] Failed to load resource: the server responded with a status of 500 (Internal Server Error) @ http://localhost:5173/CDMService/PendingActions?$filter=status%20eq%20%27pending%27&$orderby=createdAt%20desc:0
[ 2084100ms] [ERROR] Failed to load resource: the server responded with a status of 500 (Internal Server Error) @ http://localhost:5173/CDMService/PendingActions?$filter=status%20eq%20%27pending%27&$orderby=createdAt%20desc:0
[ 2204146ms] [ERROR] Failed to load resource: the server responded with a status of 500 (Internal Server Error) @ http://localhost:5173/CDMService/PendingActions?$filter=status%20eq%20%27pending%27&$orderby=createdAt%20desc:0
[ 2245646ms] [INFO] %cDownload the React DevTools for a better development experience: https://reactjs.org/link/react-devtools font-weight:bold @ http://localhost:5173/node_modules/.vite/deps/chunk-GPNLOFWR.js?v=121aaa3a:21550
[ 2245655ms] [WARNING] Lit is in dev mode. Not recommended for production! See https://lit.dev/msg/dev-mode for more information. @ http://localhost:5173/node_modules/.vite/deps/@ui5_webcomponents-react.js?v=121aaa3a:14806
[ 2245678ms] [WARNING] [LocaleData] Supported locale "en_GB" not configured, import the "Assets.js" module from the webcomponents package you are using. @ http://localhost:5173/node_modules/.vite/deps/chunk-LIVYE22X.js?v=121aaa3a:615
[ 2245678ms] [WARNING] [LocaleData] Falling back to loading "en" locale data from CDN. For production usage, please configure locale data loading via the "Assets.js" module of the webcomponents package you are using. @ http://localhost:5173/node_modules/.vite/deps/chunk-LIVYE22X.js?v=121aaa3a:700
[ 2510521ms] [LOG] [vite] server connection lost. Polling for restart... @ http://localhost:5173/@vite/client:559
[ 2510949ms] [INFO] %cDownload the React DevTools for a better development experience: https://reactjs.org/link/react-devtools font-weight:bold @ http://localhost:5173/node_modules/.vite/deps/chunk-GPNLOFWR.js?v=121aaa3a:21550
[ 2511001ms] [WARNING] Lit is in dev mode. Not recommended for production! See https://lit.dev/msg/dev-mode for more information. @ http://localhost:5173/node_modules/.vite/deps/@ui5_webcomponents-react.js?v=121aaa3a:14806
[ 2511026ms] [WARNING] [LocaleData] Supported locale "en_GB" not configured, import the "Assets.js" module from the webcomponents package you are using. @ http://localhost:5173/node_modules/.vite/deps/chunk-LIVYE22X.js?v=121aaa3a:615
[ 2511026ms] [WARNING] [LocaleData] Falling back to loading "en" locale data from CDN. For production usage, please configure locale data loading via the "Assets.js" module of the webcomponents package you are using. @ http://localhost:5173/node_modules/.vite/deps/chunk-LIVYE22X.js?v=121aaa3a:700
[ 2666980ms] [INFO] %cDownload the React DevTools for a better development experience: https://reactjs.org/link/react-devtools font-weight:bold @ http://localhost:5173/node_modules/.vite/deps/chunk-GPNLOFWR.js?v=121aaa3a:21550
[ 2666986ms] [WARNING] Lit is in dev mode. Not recommended for production! See https://lit.dev/msg/dev-mode for more information. @ http://localhost:5173/node_modules/.vite/deps/@ui5_webcomponents-react.js?v=121aaa3a:14806
[ 2667008ms] [WARNING] [LocaleData] Supported locale "en_GB" not configured, import the "Assets.js" module from the webcomponents package you are using. @ http://localhost:5173/node_modules/.vite/deps/chunk-LIVYE22X.js?v=121aaa3a:615
[ 2667008ms] [WARNING] [LocaleData] Falling back to loading "en" locale data from CDN. For production usage, please configure locale data loading via the "Assets.js" module of the webcomponents package you are using. @ http://localhost:5173/node_modules/.vite/deps/chunk-LIVYE22X.js?v=121aaa3a:700
[ 2792338ms] [INFO] %cDownload the React DevTools for a better development experience: https://reactjs.org/link/react-devtools font-weight:bold @ http://localhost:5173/node_modules/.vite/deps/chunk-GPNLOFWR.js?v=121aaa3a:21550
[ 2792347ms] [WARNING] Lit is in dev mode. Not recommended for production! See https://lit.dev/msg/dev-mode for more information. @ http://localhost:5173/node_modules/.vite/deps/@ui5_webcomponents-react.js?v=121aaa3a:14806
[ 2792369ms] [WARNING] [LocaleData] Supported locale "en_GB" not configured, import the "Assets.js" module from the webcomponents package you are using. @ http://localhost:5173/node_modules/.vite/deps/chunk-LIVYE22X.js?v=121aaa3a:615
[ 2792369ms] [WARNING] [LocaleData] Falling back to loading "en" locale data from CDN. For production usage, please configure locale data loading via the "Assets.js" module of the webcomponents package you are using. @ http://localhost:5173/node_modules/.vite/deps/chunk-LIVYE22X.js?v=121aaa3a:700
[ 3046841ms] [ERROR] Failed to load resource: the server responded with a status of 500 (Internal Server Error) @ http://localhost:5173/CDMService/ClientAgents?$orderby=displayName:0
[ 3046841ms] [ERROR] Failed to load resource: the server responded with a status of 500 (Internal Server Error) @ http://localhost:5173/CDMService/ContractSubagents:0
[ 3046843ms] [ERROR] Failed to load resource: the server responded with a status of 500 (Internal Server Error) @ http://localhost:5173/CDMService/AutomationAgents:0
[ 3046843ms] [ERROR] Failed to load resource: the server responded with a status of 500 (Internal Server Error) @ http://localhost:5173/CDMService/PersonaLayouts:0
[ 3046843ms] [ERROR] Failed to load resource: the server responded with a status of 500 (Internal Server Error) @ http://localhost:5173/CDMService/AdminConfigs?$filter=configKey%20eq%20%27assistant_name%27:0
[ 3046843ms] [ERROR] Failed to load resource: the server responded with a status of 500 (Internal Server Error) @ http://localhost:5173/CDMService/whoami:0
[ 3046843ms] [ERROR] Failed to load resource: the server responded with a status of 500 (Internal Server Error) @ http://localhost:5173/CDMService/PendingActions?$filter=status%20eq%20%27pending%27&$orderby=createdAt%20desc:0
[ 3100757ms] [INFO] %cDownload the React DevTools for a better development experience: https://reactjs.org/link/react-devtools font-weight:bold @ http://localhost:5173/node_modules/.vite/deps/chunk-GPNLOFWR.js?v=121aaa3a:21550
[ 3100765ms] [WARNING] Lit is in dev mode. Not recommended for production! See https://lit.dev/msg/dev-mode for more information. @ http://localhost:5173/node_modules/.vite/deps/@ui5_webcomponents-react.js?v=121aaa3a:14806
[ 3100789ms] [WARNING] [LocaleData] Supported locale "en_GB" not configured, import the "Assets.js" module from the webcomponents package you are using. @ http://localhost:5173/node_modules/.vite/deps/chunk-LIVYE22X.js?v=121aaa3a:615
[ 3100790ms] [WARNING] [LocaleData] Falling back to loading "en" locale data from CDN. For production usage, please configure locale data loading via the "Assets.js" module of the webcomponents package you are using. @ http://localhost:5173/node_modules/.vite/deps/chunk-LIVYE22X.js?v=121aaa3a:700
[ 3163317ms] [LOG] [vite] server connection lost. Polling for restart... @ http://localhost:5173/@vite/client:559
[ 3164023ms] [INFO] %cDownload the React DevTools for a better development experience: https://reactjs.org/link/react-devtools font-weight:bold @ http://localhost:5173/node_modules/.vite/deps/chunk-GPNLOFWR.js?v=121aaa3a:21550
[ 3164028ms] [WARNING] Lit is in dev mode. Not recommended for production! See https://lit.dev/msg/dev-mode for more information. @ http://localhost:5173/node_modules/.vite/deps/@ui5_webcomponents-react.js?v=121aaa3a:14806
[ 3164045ms] [WARNING] [LocaleData] Supported locale "en_GB" not configured, import the "Assets.js" module from the webcomponents package you are using. @ http://localhost:5173/node_modules/.vite/deps/chunk-LIVYE22X.js?v=121aaa3a:615
[ 3164045ms] [WARNING] [LocaleData] Falling back to loading "en" locale data from CDN. For production usage, please configure locale data loading via the "Assets.js" module of the webcomponents package you are using. @ http://localhost:5173/node_modules/.vite/deps/chunk-LIVYE22X.js?v=121aaa3a:700
[ 3485207ms] [INFO] %cDownload the React DevTools for a better development experience: https://reactjs.org/link/react-devtools font-weight:bold @ http://localhost:5173/node_modules/.vite/deps/chunk-GPNLOFWR.js?v=121aaa3a:21550
[ 3485213ms] [WARNING] Lit is in dev mode. Not recommended for production! See https://lit.dev/msg/dev-mode for more information. @ http://localhost:5173/node_modules/.vite/deps/@ui5_webcomponents-react.js?v=121aaa3a:14806
[ 3485233ms] [WARNING] [LocaleData] Supported locale "en_GB" not configured, import the "Assets.js" module from the webcomponents package you are using. @ http://localhost:5173/node_modules/.vite/deps/chunk-LIVYE22X.js?v=121aaa3a:615
[ 3485233ms] [WARNING] [LocaleData] Falling back to loading "en" locale data from CDN. For production usage, please configure locale data loading via the "Assets.js" module of the webcomponents package you are using. @ http://localhost:5173/node_modules/.vite/deps/chunk-LIVYE22X.js?v=121aaa3a:700
[ 4340250ms] [ERROR] Failed to load resource: the server responded with a status of 500 (Internal Server Error) @ http://localhost:5173/CDMService/PendingActions?$filter=status%20eq%20%27pending%27&$orderby=createdAt%20desc:0
[ 4356222ms] [ERROR] Failed to load resource: the server responded with a status of 500 (Internal Server Error) @ http://localhost:5173/CDMService/PendingActions?$filter=status%20eq%20%27pending%27&$orderby=createdAt%20desc:0
[ 4370260ms] [ERROR] Failed to load resource: the server responded with a status of 500 (Internal Server Error) @ http://localhost:5173/CDMService/PendingActions?$filter=status%20eq%20%27pending%27&$orderby=createdAt%20desc:0
[ 4385254ms] [ERROR] Failed to load resource: the server responded with a status of 500 (Internal Server Error) @ http://localhost:5173/CDMService/PendingActions?$filter=status%20eq%20%27pending%27&$orderby=createdAt%20desc:0
[ 4400254ms] [ERROR] Failed to load resource: the server responded with a status of 500 (Internal Server Error) @ http://localhost:5173/CDMService/PendingActions?$filter=status%20eq%20%27pending%27&$orderby=createdAt%20desc:0
[ 4415285ms] [ERROR] Failed to load resource: the server responded with a status of 500 (Internal Server Error) @ http://localhost:5173/CDMService/PendingActions?$filter=status%20eq%20%27pending%27&$orderby=createdAt%20desc:0
[ 4430255ms] [ERROR] Failed to load resource: the server responded with a status of 500 (Internal Server Error) @ http://localhost:5173/CDMService/PendingActions?$filter=status%20eq%20%27pending%27&$orderby=createdAt%20desc:0
[ 4445259ms] [ERROR] Failed to load resource: the server responded with a status of 500 (Internal Server Error) @ http://localhost:5173/CDMService/PendingActions?$filter=status%20eq%20%27pending%27&$orderby=createdAt%20desc:0
[ 4460258ms] [ERROR] Failed to load resource: the server responded with a status of 500 (Internal Server Error) @ http://localhost:5173/CDMService/PendingActions?$filter=status%20eq%20%27pending%27&$orderby=createdAt%20desc:0
[ 4475254ms] [ERROR] Failed to load resource: the server responded with a status of 500 (Internal Server Error) @ http://localhost:5173/CDMService/PendingActions?$filter=status%20eq%20%27pending%27&$orderby=createdAt%20desc:0
[ 4490255ms] [ERROR] Failed to load resource: the server responded with a status of 500 (Internal Server Error) @ http://localhost:5173/CDMService/PendingActions?$filter=status%20eq%20%27pending%27&$orderby=createdAt%20desc:0
[ 4505254ms] [ERROR] Failed to load resource: the server responded with a status of 500 (Internal Server Error) @ http://localhost:5173/CDMService/PendingActions?$filter=status%20eq%20%27pending%27&$orderby=createdAt%20desc:0
[ 4520255ms] [ERROR] Failed to load resource: the server responded with a status of 500 (Internal Server Error) @ http://localhost:5173/CDMService/PendingActions?$filter=status%20eq%20%27pending%27&$orderby=createdAt%20desc:0
[ 4535254ms] [ERROR] Failed to load resource: the server responded with a status of 500 (Internal Server Error) @ http://localhost:5173/CDMService/PendingActions?$filter=status%20eq%20%27pending%27&$orderby=createdAt%20desc:0
[ 4550255ms] [ERROR] Failed to load resource: the server responded with a status of 500 (Internal Server Error) @ http://localhost:5173/CDMService/PendingActions?$filter=status%20eq%20%27pending%27&$orderby=createdAt%20desc:0
[ 4565253ms] [ERROR] Failed to load resource: the server responded with a status of 500 (Internal Server Error) @ http://localhost:5173/CDMService/PendingActions?$filter=status%20eq%20%27pending%27&$orderby=createdAt%20desc:0
[ 4580254ms] [ERROR] Failed to load resource: the server responded with a status of 500 (Internal Server Error) @ http://localhost:5173/CDMService/PendingActions?$filter=status%20eq%20%27pending%27&$orderby=createdAt%20desc:0
[ 4595277ms] [ERROR] Failed to load resource: the server responded with a status of 500 (Internal Server Error) @ http://localhost:5173/CDMService/PendingActions?$filter=status%20eq%20%27pending%27&$orderby=createdAt%20desc:0
[ 4610256ms] [ERROR] Failed to load resource: the server responded with a status of 500 (Internal Server Error) @ http://localhost:5173/CDMService/PendingActions?$filter=status%20eq%20%27pending%27&$orderby=createdAt%20desc:0
[ 4625254ms] [ERROR] Failed to load resource: the server responded with a status of 500 (Internal Server Error) @ http://localhost:5173/CDMService/PendingActions?$filter=status%20eq%20%27pending%27&$orderby=createdAt%20desc:0
[ 4640262ms] [ERROR] Failed to load resource: the server responded with a status of 500 (Internal Server Error) @ http://localhost:5173/CDMService/PendingActions?$filter=status%20eq%20%27pending%27&$orderby=createdAt%20desc:0
[ 4655259ms] [ERROR] Failed to load resource: the server responded with a status of 500 (Internal Server Error) @ http://localhost:5173/CDMService/PendingActions?$filter=status%20eq%20%27pending%27&$orderby=createdAt%20desc:0
[ 4670255ms] [ERROR] Failed to load resource: the server responded with a status of 500 (Internal Server Error) @ http://localhost:5173/CDMService/PendingActions?$filter=status%20eq%20%27pending%27&$orderby=createdAt%20desc:0
[ 4685255ms] [ERROR] Failed to load resource: the server responded with a status of 500 (Internal Server Error) @ http://localhost:5173/CDMService/PendingActions?$filter=status%20eq%20%27pending%27&$orderby=createdAt%20desc:0
[ 4700253ms] [ERROR] Failed to load resource: the server responded with a status of 500 (Internal Server Error) @ http://localhost:5173/CDMService/PendingActions?$filter=status%20eq%20%27pending%27&$orderby=createdAt%20desc:0
[ 4715259ms] [ERROR] Failed to load resource: the server responded with a status of 500 (Internal Server Error) @ http://localhost:5173/CDMService/PendingActions?$filter=status%20eq%20%27pending%27&$orderby=createdAt%20desc:0
[ 4730255ms] [ERROR] Failed to load resource: the server responded with a status of 500 (Internal Server Error) @ http://localhost:5173/CDMService/PendingActions?$filter=status%20eq%20%27pending%27&$orderby=createdAt%20desc:0
[ 4745262ms] [ERROR] Failed to load resource: the server responded with a status of 500 (Internal Server Error) @ http://localhost:5173/CDMService/PendingActions?$filter=status%20eq%20%27pending%27&$orderby=createdAt%20desc:0
[ 4760256ms] [ERROR] Failed to load resource: the server responded with a status of 500 (Internal Server Error) @ http://localhost:5173/CDMService/PendingActions?$filter=status%20eq%20%27pending%27&$orderby=createdAt%20desc:0
[ 4775255ms] [ERROR] Failed to load resource: the server responded with a status of 500 (Internal Server Error) @ http://localhost:5173/CDMService/PendingActions?$filter=status%20eq%20%27pending%27&$orderby=createdAt%20desc:0
[ 4790254ms] [ERROR] Failed to load resource: the server responded with a status of 500 (Internal Server Error) @ http://localhost:5173/CDMService/PendingActions?$filter=status%20eq%20%27pending%27&$orderby=createdAt%20desc:0
[ 4805254ms] [ERROR] Failed to load resource: the server responded with a status of 500 (Internal Server Error) @ http://localhost:5173/CDMService/PendingActions?$filter=status%20eq%20%27pending%27&$orderby=createdAt%20desc:0
[ 4820254ms] [ERROR] Failed to load resource: the server responded with a status of 500 (Internal Server Error) @ http://localhost:5173/CDMService/PendingActions?$filter=status%20eq%20%27pending%27&$orderby=createdAt%20desc:0
[ 4835253ms] [ERROR] Failed to load resource: the server responded with a status of 500 (Internal Server Error) @ http://localhost:5173/CDMService/PendingActions?$filter=status%20eq%20%27pending%27&$orderby=createdAt%20desc:0
[ 4850255ms] [ERROR] Failed to load resource: the server responded with a status of 500 (Internal Server Error) @ http://localhost:5173/CDMService/PendingActions?$filter=status%20eq%20%27pending%27&$orderby=createdAt%20desc:0
[ 4865255ms] [ERROR] Failed to load resource: the server responded with a status of 500 (Internal Server Error) @ http://localhost:5173/CDMService/PendingActions?$filter=status%20eq%20%27pending%27&$orderby=createdAt%20desc:0
[ 4873350ms] [LOG] [vite] server connection lost. Polling for restart... @ http://localhost:5173/@vite/client:559
[ 4874238ms] [INFO] %cDownload the React DevTools for a better development experience: https://reactjs.org/link/react-devtools font-weight:bold @ http://localhost:5173/node_modules/.vite/deps/chunk-GPNLOFWR.js?v=121aaa3a:21550
[ 4874277ms] [WARNING] Lit is in dev mode. Not recommended for production! See https://lit.dev/msg/dev-mode for more information. @ http://localhost:5173/node_modules/.vite/deps/@ui5_webcomponents-react.js?v=121aaa3a:14806
[ 4874313ms] [WARNING] [LocaleData] Supported locale "en_GB" not configured, import the "Assets.js" module from the webcomponents package you are using. @ http://localhost:5173/node_modules/.vite/deps/chunk-LIVYE22X.js?v=121aaa3a:615
[ 4874313ms] [WARNING] [LocaleData] Falling back to loading "en" locale data from CDN. For production usage, please configure locale data loading via the "Assets.js" module of the webcomponents package you are using. @ http://localhost:5173/node_modules/.vite/deps/chunk-LIVYE22X.js?v=121aaa3a:700
[ 4874415ms] [ERROR] Failed to load resource: the server responded with a status of 500 (Internal Server Error) @ http://localhost:5173/CDMService/ClientAgents?$orderby=displayName:0
[ 4874418ms] [ERROR] Failed to load resource: the server responded with a status of 500 (Internal Server Error) @ http://localhost:5173/CDMService/ContractSubagents:0
[ 4874419ms] [ERROR] Failed to load resource: the server responded with a status of 500 (Internal Server Error) @ http://localhost:5173/CDMService/AutomationAgents:0
[ 4874421ms] [ERROR] Failed to load resource: the server responded with a status of 500 (Internal Server Error) @ http://localhost:5173/CDMService/PersonaLayouts:0
[ 4874423ms] [ERROR] Failed to load resource: the server responded with a status of 500 (Internal Server Error) @ http://localhost:5173/CDMService/AdminConfigs?$filter=configKey%20eq%20%27assistant_name%27:0
[ 4874875ms] [ERROR] Failed to load resource: the server responded with a status of 500 (Internal Server Error) @ http://localhost:5173/CDMService/PendingActions?$filter=status%20eq%20%27pending%27&$orderby=createdAt%20desc:0
[ 4889377ms] [ERROR] Failed to load resource: the server responded with a status of 500 (Internal Server Error) @ http://localhost:5173/CDMService/PendingActions?$filter=status%20eq%20%27pending%27&$orderby=createdAt%20desc:0
[ 4904378ms] [ERROR] Failed to load resource: the server responded with a status of 500 (Internal Server Error) @ http://localhost:5173/CDMService/PendingActions?$filter=status%20eq%20%27pending%27&$orderby=createdAt%20desc:0
[ 5801180ms] [ERROR] Failed to load resource: the server responded with a status of 500 (Internal Server Error) @ http://localhost:5173/CDMService/PendingActions?$filter=status%20eq%20%27pending%27&$orderby=createdAt%20desc:0
[ 5816179ms] [ERROR] Failed to load resource: the server responded with a status of 500 (Internal Server Error) @ http://localhost:5173/CDMService/PendingActions?$filter=status%20eq%20%27pending%27&$orderby=createdAt%20desc:0
[ 5933891ms] [ERROR] Failed to load resource: the server responded with a status of 500 (Internal Server Error) @ http://localhost:5173/CDMService/PendingActions?$filter=status%20eq%20%27pending%27&$orderby=createdAt%20desc:0
[ 5948860ms] [ERROR] Failed to load resource: the server responded with a status of 500 (Internal Server Error) @ http://localhost:5173/CDMService/PendingActions?$filter=status%20eq%20%27pending%27&$orderby=createdAt%20desc:0
[ 5963877ms] [ERROR] Failed to load resource: the server responded with a status of 500 (Internal Server Error) @ http://localhost:5173/CDMService/PendingActions?$filter=status%20eq%20%27pending%27&$orderby=createdAt%20desc:0
[ 5978857ms] [ERROR] Failed to load resource: the server responded with a status of 500 (Internal Server Error) @ http://localhost:5173/CDMService/PendingActions?$filter=status%20eq%20%27pending%27&$orderby=createdAt%20desc:0
[ 5993858ms] [ERROR] Failed to load resource: the server responded with a status of 500 (Internal Server Error) @ http://localhost:5173/CDMService/PendingActions?$filter=status%20eq%20%27pending%27&$orderby=createdAt%20desc:0
[ 6008865ms] [ERROR] Failed to load resource: the server responded with a status of 500 (Internal Server Error) @ http://localhost:5173/CDMService/PendingActions?$filter=status%20eq%20%27pending%27&$orderby=createdAt%20desc:0
[ 6023882ms] [ERROR] Failed to load resource: the server responded with a status of 500 (Internal Server Error) @ http://localhost:5173/CDMService/PendingActions?$filter=status%20eq%20%27pending%27&$orderby=createdAt%20desc:0
[ 6038859ms] [ERROR] Failed to load resource: the server responded with a status of 500 (Internal Server Error) @ http://localhost:5173/CDMService/PendingActions?$filter=status%20eq%20%27pending%27&$orderby=createdAt%20desc:0
[ 6053858ms] [ERROR] Failed to load resource: the server responded with a status of 500 (Internal Server Error) @ http://localhost:5173/CDMService/PendingActions?$filter=status%20eq%20%27pending%27&$orderby=createdAt%20desc:0
[ 6068858ms] [ERROR] Failed to load resource: the server responded with a status of 500 (Internal Server Error) @ http://localhost:5173/CDMService/PendingActions?$filter=status%20eq%20%27pending%27&$orderby=createdAt%20desc:0
[ 6083859ms] [ERROR] Failed to load resource: the server responded with a status of 500 (Internal Server Error) @ http://localhost:5173/CDMService/PendingActions?$filter=status%20eq%20%27pending%27&$orderby=createdAt%20desc:0
[ 6098858ms] [ERROR] Failed to load resource: the server responded with a status of 500 (Internal Server Error) @ http://localhost:5173/CDMService/PendingActions?$filter=status%20eq%20%27pending%27&$orderby=createdAt%20desc:0
[ 6113858ms] [ERROR] Failed to load resource: the server responded with a status of 500 (Internal Server Error) @ http://localhost:5173/CDMService/PendingActions?$filter=status%20eq%20%27pending%27&$orderby=createdAt%20desc:0
[ 6128857ms] [ERROR] Failed to load resource: the server responded with a status of 500 (Internal Server Error) @ http://localhost:5173/CDMService/PendingActions?$filter=status%20eq%20%27pending%27&$orderby=createdAt%20desc:0
[ 6143858ms] [ERROR] Failed to load resource: the server responded with a status of 500 (Internal Server Error) @ http://localhost:5173/CDMService/PendingActions?$filter=status%20eq%20%27pending%27&$orderby=createdAt%20desc:0
[ 6158858ms] [ERROR] Failed to load resource: the server responded with a status of 500 (Internal Server Error) @ http://localhost:5173/CDMService/PendingActions?$filter=status%20eq%20%27pending%27&$orderby=createdAt%20desc:0
[ 6168579ms] [LOG] [vite] server connection lost. Polling for restart... @ http://localhost:5173/@vite/client:559
[ 6169858ms] [INFO] %cDownload the React DevTools for a better development experience: https://reactjs.org/link/react-devtools font-weight:bold @ http://localhost:5173/node_modules/.vite/deps/chunk-GPNLOFWR.js?v=121aaa3a:21550
[ 6169869ms] [WARNING] Lit is in dev mode. Not recommended for production! See https://lit.dev/msg/dev-mode for more information. @ http://localhost:5173/node_modules/.vite/deps/@ui5_webcomponents-react.js?v=121aaa3a:14806
[ 6169891ms] [WARNING] [LocaleData] Supported locale "en_GB" not configured, import the "Assets.js" module from the webcomponents package you are using. @ http://localhost:5173/node_modules/.vite/deps/chunk-LIVYE22X.js?v=121aaa3a:615
[ 6169892ms] [WARNING] [LocaleData] Falling back to loading "en" locale data from CDN. For production usage, please configure locale data loading via the "Assets.js" module of the webcomponents package you are using. @ http://localhost:5173/node_modules/.vite/deps/chunk-LIVYE22X.js?v=121aaa3a:700
[ 6169948ms] [ERROR] Failed to load resource: the server responded with a status of 500 (Internal Server Error) @ http://localhost:5173/CDMService/ClientAgents?$orderby=displayName:0
[ 6169949ms] [ERROR] Failed to load resource: the server responded with a status of 500 (Internal Server Error) @ http://localhost:5173/CDMService/ContractSubagents:0
[ 6169958ms] [ERROR] Failed to load resource: the server responded with a status of 500 (Internal Server Error) @ http://localhost:5173/CDMService/AutomationAgents:0
[ 6169958ms] [ERROR] Failed to load resource: the server responded with a status of 500 (Internal Server Error) @ http://localhost:5173/CDMService/PersonaLayouts:0
[ 6169958ms] [ERROR] Failed to load resource: the server responded with a status of 500 (Internal Server Error) @ http://localhost:5173/CDMService/AdminConfigs?$filter=configKey%20eq%20%27assistant_name%27:0
[ 6169962ms] [ERROR] Failed to load resource: the server responded with a status of 500 (Internal Server Error) @ http://localhost:5173/CDMService/PendingActions?$filter=status%20eq%20%27pending%27&$orderby=createdAt%20desc:0
[ 6184949ms] [ERROR] Failed to load resource: the server responded with a status of 500 (Internal Server Error) @ http://localhost:5173/CDMService/PendingActions?$filter=status%20eq%20%27pending%27&$orderby=createdAt%20desc:0
[ 6199950ms] [ERROR] Failed to load resource: the server responded with a status of 500 (Internal Server Error) @ http://localhost:5173/CDMService/PendingActions?$filter=status%20eq%20%27pending%27&$orderby=createdAt%20desc:0
[ 6288100ms] [ERROR] Failed to load resource: the server responded with a status of 500 (Internal Server Error) @ http://localhost:5173/CDMService/PendingActions?$filter=status%20eq%20%27pending%27&$orderby=createdAt%20desc:0
[ 6303093ms] [ERROR] Failed to load resource: the server responded with a status of 500 (Internal Server Error) @ http://localhost:5173/CDMService/PendingActions?$filter=status%20eq%20%27pending%27&$orderby=createdAt%20desc:0
[ 6318091ms] [ERROR] Failed to load resource: the server responded with a status of 500 (Internal Server Error) @ http://localhost:5173/CDMService/PendingActions?$filter=status%20eq%20%27pending%27&$orderby=createdAt%20desc:0
[ 6333091ms] [ERROR] Failed to load resource: the server responded with a status of 500 (Internal Server Error) @ http://localhost:5173/CDMService/PendingActions?$filter=status%20eq%20%27pending%27&$orderby=createdAt%20desc:0
[ 6348091ms] [ERROR] Failed to load resource: the server responded with a status of 500 (Internal Server Error) @ http://localhost:5173/CDMService/PendingActions?$filter=status%20eq%20%27pending%27&$orderby=createdAt%20desc:0
[ 6363097ms] [ERROR] Failed to load resource: the server responded with a status of 500 (Internal Server Error) @ http://localhost:5173/CDMService/PendingActions?$filter=status%20eq%20%27pending%27&$orderby=createdAt%20desc:0
[ 6378092ms] [ERROR] Failed to load resource: the server responded with a status of 500 (Internal Server Error) @ http://localhost:5173/CDMService/PendingActions?$filter=status%20eq%20%27pending%27&$orderby=createdAt%20desc:0
[ 6393091ms] [ERROR] Failed to load resource: the server responded with a status of 500 (Internal Server Error) @ http://localhost:5173/CDMService/PendingActions?$filter=status%20eq%20%27pending%27&$orderby=createdAt%20desc:0
[ 6408093ms] [ERROR] Failed to load resource: the server responded with a status of 500 (Internal Server Error) @ http://localhost:5173/CDMService/PendingActions?$filter=status%20eq%20%27pending%27&$orderby=createdAt%20desc:0
[ 6423092ms] [ERROR] Failed to load resource: the server responded with a status of 500 (Internal Server Error) @ http://localhost:5173/CDMService/PendingActions?$filter=status%20eq%20%27pending%27&$orderby=createdAt%20desc:0
[ 6438091ms] [ERROR] Failed to load resource: the server responded with a status of 500 (Internal Server Error) @ http://localhost:5173/CDMService/PendingActions?$filter=status%20eq%20%27pending%27&$orderby=createdAt%20desc:0
[ 6453091ms] [ERROR] Failed to load resource: the server responded with a status of 500 (Internal Server Error) @ http://localhost:5173/CDMService/PendingActions?$filter=status%20eq%20%27pending%27&$orderby=createdAt%20desc:0
[ 6468094ms] [ERROR] Failed to load resource: the server responded with a status of 500 (Internal Server Error) @ http://localhost:5173/CDMService/PendingActions?$filter=status%20eq%20%27pending%27&$orderby=createdAt%20desc:0
[ 6483091ms] [ERROR] Failed to load resource: the server responded with a status of 500 (Internal Server Error) @ http://localhost:5173/CDMService/PendingActions?$filter=status%20eq%20%27pending%27&$orderby=createdAt%20desc:0
[ 6498089ms] [ERROR] Failed to load resource: the server responded with a status of 500 (Internal Server Error) @ http://localhost:5173/CDMService/PendingActions?$filter=status%20eq%20%27pending%27&$orderby=createdAt%20desc:0
[ 6513090ms] [ERROR] Failed to load resource: the server responded with a status of 500 (Internal Server Error) @ http://localhost:5173/CDMService/PendingActions?$filter=status%20eq%20%27pending%27&$orderby=createdAt%20desc:0
[ 6528091ms] [ERROR] Failed to load resource: the server responded with a status of 500 (Internal Server Error) @ http://localhost:5173/CDMService/PendingActions?$filter=status%20eq%20%27pending%27&$orderby=createdAt%20desc:0
[ 6543090ms] [ERROR] Failed to load resource: the server responded with a status of 500 (Internal Server Error) @ http://localhost:5173/CDMService/PendingActions?$filter=status%20eq%20%27pending%27&$orderby=createdAt%20desc:0
[ 6558091ms] [ERROR] Failed to load resource: the server responded with a status of 500 (Internal Server Error) @ http://localhost:5173/CDMService/PendingActions?$filter=status%20eq%20%27pending%27&$orderby=createdAt%20desc:0
[ 6564814ms] [LOG] [vite] server connection lost. Polling for restart... @ http://localhost:5173/@vite/client:559
[ 6565166ms] [INFO] %cDownload the React DevTools for a better development experience: https://reactjs.org/link/react-devtools font-weight:bold @ http://localhost:5173/node_modules/.vite/deps/chunk-GPNLOFWR.js?v=121aaa3a:21550
[ 6565176ms] [WARNING] Lit is in dev mode. Not recommended for production! See https://lit.dev/msg/dev-mode for more information. @ http://localhost:5173/node_modules/.vite/deps/@ui5_webcomponents-react.js?v=121aaa3a:14806
[ 6565201ms] [WARNING] [LocaleData] Supported locale "en_GB" not configured, import the "Assets.js" module from the webcomponents package you are using. @ http://localhost:5173/node_modules/.vite/deps/chunk-LIVYE22X.js?v=121aaa3a:615
[ 6565201ms] [WARNING] [LocaleData] Falling back to loading "en" locale data from CDN. For production usage, please configure locale data loading via the "Assets.js" module of the webcomponents package you are using. @ http://localhost:5173/node_modules/.vite/deps/chunk-LIVYE22X.js?v=121aaa3a:700
[ 6565264ms] [ERROR] Failed to load resource: the server responded with a status of 500 (Internal Server Error) @ http://localhost:5173/CDMService/ClientAgents?$orderby=displayName:0
[ 6565264ms] [ERROR] Failed to load resource: the server responded with a status of 500 (Internal Server Error) @ http://localhost:5173/CDMService/ContractSubagents:0
[ 6565267ms] [ERROR] Failed to load resource: the server responded with a status of 500 (Internal Server Error) @ http://localhost:5173/CDMService/PersonaLayouts:0
[ 6565267ms] [ERROR] Failed to load resource: the server responded with a status of 500 (Internal Server Error) @ http://localhost:5173/CDMService/AutomationAgents:0
[ 6565273ms] [ERROR] Failed to load resource: the server responded with a status of 500 (Internal Server Error) @ http://localhost:5173/CDMService/AdminConfigs?$filter=configKey%20eq%20%27assistant_name%27:0
[ 6565273ms] [ERROR] Failed to load resource: the server responded with a status of 500 (Internal Server Error) @ http://localhost:5173/CDMService/PendingActions?$filter=status%20eq%20%27pending%27&$orderby=createdAt%20desc:0
[ 6580259ms] [ERROR] Failed to load resource: the server responded with a status of 500 (Internal Server Error) @ http://localhost:5173/CDMService/PendingActions?$filter=status%20eq%20%27pending%27&$orderby=createdAt%20desc:0
[ 6595259ms] [ERROR] Failed to load resource: the server responded with a status of 500 (Internal Server Error) @ http://localhost:5173/CDMService/PendingActions?$filter=status%20eq%20%27pending%27&$orderby=createdAt%20desc:0
[ 6627104ms] [ERROR] Failed to load resource: the server responded with a status of 500 (Internal Server Error) @ http://localhost:5173/CDMService/PendingActions?$filter=status%20eq%20%27pending%27&$orderby=createdAt%20desc:0
[ 6642099ms] [ERROR] Failed to load resource: the server responded with a status of 500 (Internal Server Error) @ http://localhost:5173/CDMService/PendingActions?$filter=status%20eq%20%27pending%27&$orderby=createdAt%20desc:0
[ 6657097ms] [ERROR] Failed to load resource: the server responded with a status of 500 (Internal Server Error) @ http://localhost:5173/CDMService/PendingActions?$filter=status%20eq%20%27pending%27&$orderby=createdAt%20desc:0
[ 6672116ms] [ERROR] Failed to load resource: the server responded with a status of 500 (Internal Server Error) @ http://localhost:5173/CDMService/PendingActions?$filter=status%20eq%20%27pending%27&$orderby=createdAt%20desc:0
[ 6687097ms] [ERROR] Failed to load resource: the server responded with a status of 500 (Internal Server Error) @ http://localhost:5173/CDMService/PendingActions?$filter=status%20eq%20%27pending%27&$orderby=createdAt%20desc:0
[ 6702096ms] [ERROR] Failed to load resource: the server responded with a status of 500 (Internal Server Error) @ http://localhost:5173/CDMService/PendingActions?$filter=status%20eq%20%27pending%27&$orderby=createdAt%20desc:0
[ 6717096ms] [ERROR] Failed to load resource: the server responded with a status of 500 (Internal Server Error) @ http://localhost:5173/CDMService/PendingActions?$filter=status%20eq%20%27pending%27&$orderby=createdAt%20desc:0
[ 6732097ms] [ERROR] Failed to load resource: the server responded with a status of 500 (Internal Server Error) @ http://localhost:5173/CDMService/PendingActions?$filter=status%20eq%20%27pending%27&$orderby=createdAt%20desc:0
[ 6747097ms] [ERROR] Failed to load resource: the server responded with a status of 500 (Internal Server Error) @ http://localhost:5173/CDMService/PendingActions?$filter=status%20eq%20%27pending%27&$orderby=createdAt%20desc:0
[ 6762098ms] [ERROR] Failed to load resource: the server responded with a status of 500 (Internal Server Error) @ http://localhost:5173/CDMService/PendingActions?$filter=status%20eq%20%27pending%27&$orderby=createdAt%20desc:0
[ 6768985ms] [LOG] [vite] server connection lost. Polling for restart... @ http://localhost:5173/@vite/client:559
[ 6769272ms] [INFO] %cDownload the React DevTools for a better development experience: https://reactjs.org/link/react-devtools font-weight:bold @ http://localhost:5173/node_modules/.vite/deps/chunk-GPNLOFWR.js?v=121aaa3a:21550
[ 6769280ms] [WARNING] Lit is in dev mode. Not recommended for production! See https://lit.dev/msg/dev-mode for more information. @ http://localhost:5173/node_modules/.vite/deps/@ui5_webcomponents-react.js?v=121aaa3a:14806
[ 6769302ms] [WARNING] [LocaleData] Supported locale "en_GB" not configured, import the "Assets.js" module from the webcomponents package you are using. @ http://localhost:5173/node_modules/.vite/deps/chunk-LIVYE22X.js?v=121aaa3a:615
[ 6769302ms] [WARNING] [LocaleData] Falling back to loading "en" locale data from CDN. For production usage, please configure locale data loading via the "Assets.js" module of the webcomponents package you are using. @ http://localhost:5173/node_modules/.vite/deps/chunk-LIVYE22X.js?v=121aaa3a:700
[ 6769350ms] [ERROR] Failed to load resource: the server responded with a status of 500 (Internal Server Error) @ http://localhost:5173/CDMService/ClientAgents?$orderby=displayName:0
[ 6769352ms] [ERROR] Failed to load resource: the server responded with a status of 500 (Internal Server Error) @ http://localhost:5173/CDMService/ContractSubagents:0
[ 6769352ms] [ERROR] Failed to load resource: the server responded with a status of 500 (Internal Server Error) @ http://localhost:5173/CDMService/AutomationAgents:0
[ 6769360ms] [ERROR] Failed to load resource: the server responded with a status of 500 (Internal Server Error) @ http://localhost:5173/CDMService/PersonaLayouts:0
[ 6769362ms] [ERROR] Failed to load resource: the server responded with a status of 500 (Internal Server Error) @ http://localhost:5173/CDMService/AdminConfigs?$filter=configKey%20eq%20%27assistant_name%27:0
[ 6769362ms] [ERROR] Failed to load resource: the server responded with a status of 500 (Internal Server Error) @ http://localhost:5173/CDMService/PendingActions?$filter=status%20eq%20%27pending%27&$orderby=createdAt%20desc:0
[ 6784348ms] [ERROR] Failed to load resource: the server responded with a status of 500 (Internal Server Error) @ http://localhost:5173/CDMService/PendingActions?$filter=status%20eq%20%27pending%27&$orderby=createdAt%20desc:0
[ 6799377ms] [ERROR] Failed to load resource: the server responded with a status of 500 (Internal Server Error) @ http://localhost:5173/CDMService/PendingActions?$filter=status%20eq%20%27pending%27&$orderby=createdAt%20desc:0
[ 6814353ms] [ERROR] Failed to load resource: the server responded with a status of 500 (Internal Server Error) @ http://localhost:5173/CDMService/PendingActions?$filter=status%20eq%20%27pending%27&$orderby=createdAt%20desc:0
[ 6829348ms] [ERROR] Failed to load resource: the server responded with a status of 500 (Internal Server Error) @ http://localhost:5173/CDMService/PendingActions?$filter=status%20eq%20%27pending%27&$orderby=createdAt%20desc:0
[ 6844351ms] [ERROR] Failed to load resource: the server responded with a status of 500 (Internal Server Error) @ http://localhost:5173/CDMService/PendingActions?$filter=status%20eq%20%27pending%27&$orderby=createdAt%20desc:0
[ 6859367ms] [ERROR] Failed to load resource: the server responded with a status of 500 (Internal Server Error) @ http://localhost:5173/CDMService/PendingActions?$filter=status%20eq%20%27pending%27&$orderby=createdAt%20desc:0
[ 6874386ms] [ERROR] Failed to load resource: the server responded with a status of 500 (Internal Server Error) @ http://localhost:5173/CDMService/PendingActions?$filter=status%20eq%20%27pending%27&$orderby=createdAt%20desc:0
[ 6889364ms] [ERROR] Failed to load resource: the server responded with a status of 500 (Internal Server Error) @ http://localhost:5173/CDMService/PendingActions?$filter=status%20eq%20%27pending%27&$orderby=createdAt%20desc:0
[ 6904351ms] [ERROR] Failed to load resource: the server responded with a status of 500 (Internal Server Error) @ http://localhost:5173/CDMService/PendingActions?$filter=status%20eq%20%27pending%27&$orderby=createdAt%20desc:0
[ 6919374ms] [ERROR] Failed to load resource: the server responded with a status of 500 (Internal Server Error) @ http://localhost:5173/CDMService/PendingActions?$filter=status%20eq%20%27pending%27&$orderby=createdAt%20desc:0
[ 6934348ms] [ERROR] Failed to load resource: the server responded with a status of 500 (Internal Server Error) @ http://localhost:5173/CDMService/PendingActions?$filter=status%20eq%20%27pending%27&$orderby=createdAt%20desc:0
[ 6949348ms] [ERROR] Failed to load resource: the server responded with a status of 500 (Internal Server Error) @ http://localhost:5173/CDMService/PendingActions?$filter=status%20eq%20%27pending%27&$orderby=createdAt%20desc:0
[ 6964347ms] [ERROR] Failed to load resource: the server responded with a status of 500 (Internal Server Error) @ http://localhost:5173/CDMService/PendingActions?$filter=status%20eq%20%27pending%27&$orderby=createdAt%20desc:0
[ 6979347ms] [ERROR] Failed to load resource: the server responded with a status of 500 (Internal Server Error) @ http://localhost:5173/CDMService/PendingActions?$filter=status%20eq%20%27pending%27&$orderby=createdAt%20desc:0
[ 6994347ms] [ERROR] Failed to load resource: the server responded with a status of 500 (Internal Server Error) @ http://localhost:5173/CDMService/PendingActions?$filter=status%20eq%20%27pending%27&$orderby=createdAt%20desc:0
[ 7009349ms] [ERROR] Failed to load resource: the server responded with a status of 500 (Internal Server Error) @ http://localhost:5173/CDMService/PendingActions?$filter=status%20eq%20%27pending%27&$orderby=createdAt%20desc:0
[ 7024348ms] [ERROR] Failed to load resource: the server responded with a status of 500 (Internal Server Error) @ http://localhost:5173/CDMService/PendingActions?$filter=status%20eq%20%27pending%27&$orderby=createdAt%20desc:0
[ 7039349ms] [ERROR] Failed to load resource: the server responded with a status of 500 (Internal Server Error) @ http://localhost:5173/CDMService/PendingActions?$filter=status%20eq%20%27pending%27&$orderby=createdAt%20desc:0
[ 7054348ms] [ERROR] Failed to load resource: the server responded with a status of 500 (Internal Server Error) @ http://localhost:5173/CDMService/PendingActions?$filter=status%20eq%20%27pending%27&$orderby=createdAt%20desc:0
[ 7069348ms] [ERROR] Failed to load resource: the server responded with a status of 500 (Internal Server Error) @ http://localhost:5173/CDMService/PendingActions?$filter=status%20eq%20%27pending%27&$orderby=createdAt%20desc:0
[ 7084348ms] [ERROR] Failed to load resource: the server responded with a status of 500 (Internal Server Error) @ http://localhost:5173/CDMService/PendingActions?$filter=status%20eq%20%27pending%27&$orderby=createdAt%20desc:0
[ 7099348ms] [ERROR] Failed to load resource: the server responded with a status of 500 (Internal Server Error) @ http://localhost:5173/CDMService/PendingActions?$filter=status%20eq%20%27pending%27&$orderby=createdAt%20desc:0
[ 7114346ms] [ERROR] Failed to load resource: the server responded with a status of 500 (Internal Server Error) @ http://localhost:5173/CDMService/PendingActions?$filter=status%20eq%20%27pending%27&$orderby=createdAt%20desc:0
[ 7129349ms] [ERROR] Failed to load resource: the server responded with a status of 500 (Internal Server Error) @ http://localhost:5173/CDMService/PendingActions?$filter=status%20eq%20%27pending%27&$orderby=createdAt%20desc:0
[ 7144351ms] [ERROR] Failed to load resource: the server responded with a status of 500 (Internal Server Error) @ http://localhost:5173/CDMService/PendingActions?$filter=status%20eq%20%27pending%27&$orderby=createdAt%20desc:0
[ 7159348ms] [ERROR] Failed to load resource: the server responded with a status of 500 (Internal Server Error) @ http://localhost:5173/CDMService/PendingActions?$filter=status%20eq%20%27pending%27&$orderby=createdAt%20desc:0
[ 7167352ms] [LOG] [vite] server connection lost. Polling for restart... @ http://localhost:5173/@vite/client:559
[ 7168025ms] [INFO] %cDownload the React DevTools for a better development experience: https://reactjs.org/link/react-devtools font-weight:bold @ http://localhost:5173/node_modules/.vite/deps/chunk-GPNLOFWR.js?v=121aaa3a:21550
[ 7168037ms] [WARNING] Lit is in dev mode. Not recommended for production! See https://lit.dev/msg/dev-mode for more information. @ http://localhost:5173/node_modules/.vite/deps/@ui5_webcomponents-react.js?v=121aaa3a:14806
[ 7168062ms] [WARNING] [LocaleData] Supported locale "en_GB" not configured, import the "Assets.js" module from the webcomponents package you are using. @ http://localhost:5173/node_modules/.vite/deps/chunk-LIVYE22X.js?v=121aaa3a:615
[ 7168063ms] [WARNING] [LocaleData] Falling back to loading "en" locale data from CDN. For production usage, please configure locale data loading via the "Assets.js" module of the webcomponents package you are using. @ http://localhost:5173/node_modules/.vite/deps/chunk-LIVYE22X.js?v=121aaa3a:700
[ 7168128ms] [ERROR] Failed to load resource: the server responded with a status of 500 (Internal Server Error) @ http://localhost:5173/CDMService/ClientAgents?$orderby=displayName:0
[ 7168128ms] [ERROR] Failed to load resource: the server responded with a status of 500 (Internal Server Error) @ http://localhost:5173/CDMService/ContractSubagents:0
[ 7168128ms] [ERROR] Failed to load resource: the server responded with a status of 500 (Internal Server Error) @ http://localhost:5173/CDMService/PersonaLayouts:0
[ 7168128ms] [ERROR] Failed to load resource: the server responded with a status of 500 (Internal Server Error) @ http://localhost:5173/CDMService/AutomationAgents:0
[ 7168129ms] [ERROR] Failed to load resource: the server responded with a status of 500 (Internal Server Error) @ http://localhost:5173/CDMService/AdminConfigs?$filter=configKey%20eq%20%27assistant_name%27:0
[ 7168129ms] [ERROR] Failed to load resource: the server responded with a status of 500 (Internal Server Error) @ http://localhost:5173/CDMService/whoami:0
[ 7168132ms] [ERROR] Failed to load resource: the server responded with a status of 500 (Internal Server Error) @ http://localhost:5173/CDMService/PendingActions?$filter=status%20eq%20%27pending%27&$orderby=createdAt%20desc:0
[ 7183128ms] [ERROR] Failed to load resource: the server responded with a status of 500 (Internal Server Error) @ http://localhost:5173/CDMService/PendingActions?$filter=status%20eq%20%27pending%27&$orderby=createdAt%20desc:0
[ 7198144ms] [ERROR] Failed to load resource: the server responded with a status of 500 (Internal Server Error) @ http://localhost:5173/CDMService/PendingActions?$filter=status%20eq%20%27pending%27&$orderby=createdAt%20desc:0
[ 7213129ms] [ERROR] Failed to load resource: the server responded with a status of 500 (Internal Server Error) @ http://localhost:5173/CDMService/PendingActions?$filter=status%20eq%20%27pending%27&$orderby=createdAt%20desc:0
[ 7228130ms] [ERROR] Failed to load resource: the server responded with a status of 500 (Internal Server Error) @ http://localhost:5173/CDMService/PendingActions?$filter=status%20eq%20%27pending%27&$orderby=createdAt%20desc:0
[ 7244215ms] [ERROR] Failed to load resource: the server responded with a status of 500 (Internal Server Error) @ http://localhost:5173/CDMService/PendingActions?$filter=status%20eq%20%27pending%27&$orderby=createdAt%20desc:0
[ 7258128ms] [ERROR] Failed to load resource: the server responded with a status of 500 (Internal Server Error) @ http://localhost:5173/CDMService/PendingActions?$filter=status%20eq%20%27pending%27&$orderby=createdAt%20desc:0
[ 7273131ms] [ERROR] Failed to load resource: the server responded with a status of 500 (Internal Server Error) @ http://localhost:5173/CDMService/PendingActions?$filter=status%20eq%20%27pending%27&$orderby=createdAt%20desc:0
[ 7559066ms] [INFO] %cDownload the React DevTools for a better development experience: https://reactjs.org/link/react-devtools font-weight:bold @ http://localhost:5173/node_modules/.vite/deps/chunk-GPNLOFWR.js?v=121aaa3a:21550
[ 7559073ms] [WARNING] Lit is in dev mode. Not recommended for production! See https://lit.dev/msg/dev-mode for more information. @ http://localhost:5173/node_modules/.vite/deps/@ui5_webcomponents-react.js?v=121aaa3a:14806
[ 7559093ms] [WARNING] [LocaleData] Supported locale "en_GB" not configured, import the "Assets.js" module from the webcomponents package you are using. @ http://localhost:5173/node_modules/.vite/deps/chunk-LIVYE22X.js?v=121aaa3a:615
[ 7559093ms] [WARNING] [LocaleData] Falling back to loading "en" locale data from CDN. For production usage, please configure locale data loading via the "Assets.js" module of the webcomponents package you are using. @ http://localhost:5173/node_modules/.vite/deps/chunk-LIVYE22X.js?v=121aaa3a:700
[ 7761732ms] [LOG] [vite] server connection lost. Polling for restart... @ http://localhost:5173/@vite/client:559
[ 7762458ms] [INFO] %cDownload the React DevTools for a better development experience: https://reactjs.org/link/react-devtools font-weight:bold @ http://localhost:5173/node_modules/.vite/deps/chunk-GPNLOFWR.js?v=121aaa3a:21550
[ 7762492ms] [WARNING] Lit is in dev mode. Not recommended for production! See https://lit.dev/msg/dev-mode for more information. @ http://localhost:5173/node_modules/.vite/deps/@ui5_webcomponents-react.js?v=121aaa3a:14806
[ 7762520ms] [WARNING] [LocaleData] Supported locale "en_GB" not configured, import the "Assets.js" module from the webcomponents package you are using. @ http://localhost:5173/node_modules/.vite/deps/chunk-LIVYE22X.js?v=121aaa3a:615
[ 7762521ms] [WARNING] [LocaleData] Falling back to loading "en" locale data from CDN. For production usage, please configure locale data loading via the "Assets.js" module of the webcomponents package you are using. @ http://localhost:5173/node_modules/.vite/deps/chunk-LIVYE22X.js?v=121aaa3a:700
[10316060ms] [LOG] [vite] server connection lost. Polling for restart... @ http://localhost:5173/@vite/client:559
[10317021ms] [INFO] %cDownload the React DevTools for a better development experience: https://reactjs.org/link/react-devtools font-weight:bold @ http://localhost:5173/node_modules/.vite/deps/chunk-GPNLOFWR.js?v=121aaa3a:21550
[10317056ms] [WARNING] Lit is in dev mode. Not recommended for production! See https://lit.dev/msg/dev-mode for more information. @ http://localhost:5173/node_modules/.vite/deps/@ui5_webcomponents-react.js?v=121aaa3a:14806
[10317087ms] [WARNING] [LocaleData] Supported locale "en_GB" not configured, import the "Assets.js" module from the webcomponents package you are using. @ http://localhost:5173/node_modules/.vite/deps/chunk-LIVYE22X.js?v=121aaa3a:615
[10317087ms] [WARNING] [LocaleData] Falling back to loading "en" locale data from CDN. For production usage, please configure locale data loading via the "Assets.js" module of the webcomponents package you are using. @ http://localhost:5173/node_modules/.vite/deps/chunk-LIVYE22X.js?v=121aaa3a:700
[12324141ms] [LOG] [vite] server connection lost. Polling for restart... @ http://localhost:5173/@vite/client:559
[12325679ms] [INFO] %cDownload the React DevTools for a better development experience: https://reactjs.org/link/react-devtools font-weight:bold @ http://localhost:5173/node_modules/.vite/deps/chunk-GPNLOFWR.js?v=121aaa3a:21550
[12325700ms] [WARNING] Lit is in dev mode. Not recommended for production! See https://lit.dev/msg/dev-mode for more information. @ http://localhost:5173/node_modules/.vite/deps/@ui5_webcomponents-react.js?v=121aaa3a:14806
[12325724ms] [WARNING] [LocaleData] Supported locale "en_GB" not configured, import the "Assets.js" module from the webcomponents package you are using. @ http://localhost:5173/node_modules/.vite/deps/chunk-LIVYE22X.js?v=121aaa3a:615
[12325724ms] [WARNING] [LocaleData] Falling back to loading "en" locale data from CDN. For production usage, please configure locale data loading via the "Assets.js" module of the webcomponents package you are using. @ http://localhost:5173/node_modules/.vite/deps/chunk-LIVYE22X.js?v=121aaa3a:700
[12932765ms] [LOG] [vite] server connection lost. Polling for restart... @ http://localhost:5173/@vite/client:559
[12933243ms] [INFO] %cDownload the React DevTools for a better development experience: https://reactjs.org/link/react-devtools font-weight:bold @ http://localhost:5173/node_modules/.vite/deps/chunk-GPNLOFWR.js?v=121aaa3a:21550
[12933256ms] [WARNING] Lit is in dev mode. Not recommended for production! See https://lit.dev/msg/dev-mode for more information. @ http://localhost:5173/node_modules/.vite/deps/@ui5_webcomponents-react.js?v=121aaa3a:14806
[12933284ms] [WARNING] [LocaleData] Supported locale "en_GB" not configured, import the "Assets.js" module from the webcomponents package you are using. @ http://localhost:5173/node_modules/.vite/deps/chunk-LIVYE22X.js?v=121aaa3a:615
[12933284ms] [WARNING] [LocaleData] Falling back to loading "en" locale data from CDN. For production usage, please configure locale data loading via the "Assets.js" module of the webcomponents package you are using. @ http://localhost:5173/node_modules/.vite/deps/chunk-LIVYE22X.js?v=121aaa3a:700
[13364771ms] [LOG] [vite] server connection lost. Polling for restart... @ http://localhost:5173/@vite/client:559
[13365997ms] [INFO] %cDownload the React DevTools for a better development experience: https://reactjs.org/link/react-devtools font-weight:bold @ http://localhost:5173/node_modules/.vite/deps/chunk-GPNLOFWR.js?v=121aaa3a:21550
[13366009ms] [WARNING] Lit is in dev mode. Not recommended for production! See https://lit.dev/msg/dev-mode for more information. @ http://localhost:5173/node_modules/.vite/deps/@ui5_webcomponents-react.js?v=121aaa3a:14806
[13366033ms] [WARNING] [LocaleData] Supported locale "en_GB" not configured, import the "Assets.js" module from the webcomponents package you are using. @ http://localhost:5173/node_modules/.vite/deps/chunk-LIVYE22X.js?v=121aaa3a:615
[13366033ms] [WARNING] [LocaleData] Falling back to loading "en" locale data from CDN. For production usage, please configure locale data loading via the "Assets.js" module of the webcomponents package you are using. @ http://localhost:5173/node_modules/.vite/deps/chunk-LIVYE22X.js?v=121aaa3a:700
[13757677ms] [LOG] [vite] server connection lost. Polling for restart... @ http://localhost:5173/@vite/client:559
[13758042ms] [INFO] %cDownload the React DevTools for a better development experience: https://reactjs.org/link/react-devtools font-weight:bold @ http://localhost:5173/node_modules/.vite/deps/chunk-GPNLOFWR.js?v=121aaa3a:21550
[13758051ms] [WARNING] Lit is in dev mode. Not recommended for production! See https://lit.dev/msg/dev-mode for more information. @ http://localhost:5173/node_modules/.vite/deps/@ui5_webcomponents-react.js?v=121aaa3a:14806
[13758079ms] [WARNING] [LocaleData] Supported locale "en_GB" not configured, import the "Assets.js" module from the webcomponents package you are using. @ http://localhost:5173/node_modules/.vite/deps/chunk-LIVYE22X.js?v=121aaa3a:615
[13758079ms] [WARNING] [LocaleData] Falling back to loading "en" locale data from CDN. For production usage, please configure locale data loading via the "Assets.js" module of the webcomponents package you are using. @ http://localhost:5173/node_modules/.vite/deps/chunk-LIVYE22X.js?v=121aaa3a:700
[14260405ms] [LOG] [vite] server connection lost. Polling for restart... @ http://localhost:5173/@vite/client:559
[14260811ms] [INFO] %cDownload the React DevTools for a better development experience: https://reactjs.org/link/react-devtools font-weight:bold @ http://localhost:5173/node_modules/.vite/deps/chunk-GPNLOFWR.js?v=121aaa3a:21550
[14260874ms] [WARNING] Lit is in dev mode. Not recommended for production! See https://lit.dev/msg/dev-mode for more information. @ http://localhost:5173/node_modules/.vite/deps/@ui5_webcomponents-react.js?v=121aaa3a:14806
[14260909ms] [WARNING] [LocaleData] Supported locale "en_GB" not configured, import the "Assets.js" module from the webcomponents package you are using. @ http://localhost:5173/node_modules/.vite/deps/chunk-LIVYE22X.js?v=121aaa3a:615
[14260909ms] [WARNING] [LocaleData] Falling back to loading "en" locale data from CDN. For production usage, please configure locale data loading via the "Assets.js" module of the webcomponents package you are using. @ http://localhost:5173/node_modules/.vite/deps/chunk-LIVYE22X.js?v=121aaa3a:700
[14890541ms] [LOG] [vite] server connection lost. Polling for restart... @ http://localhost:5173/@vite/client:559
[14891858ms] [INFO] %cDownload the React DevTools for a better development experience: https://reactjs.org/link/react-devtools font-weight:bold @ http://localhost:5173/node_modules/.vite/deps/chunk-GPNLOFWR.js?v=121aaa3a:21550
[14891907ms] [WARNING] Lit is in dev mode. Not recommended for production! See https://lit.dev/msg/dev-mode for more information. @ http://localhost:5173/node_modules/.vite/deps/@ui5_webcomponents-react.js?v=121aaa3a:14806
[14891944ms] [WARNING] [LocaleData] Supported locale "en_GB" not configured, import the "Assets.js" module from the webcomponents package you are using. @ http://localhost:5173/node_modules/.vite/deps/chunk-LIVYE22X.js?v=121aaa3a:615
[14891944ms] [WARNING] [LocaleData] Falling back to loading "en" locale data from CDN. For production usage, please configure locale data loading via the "Assets.js" module of the webcomponents package you are using. @ http://localhost:5173/node_modules/.vite/deps/chunk-LIVYE22X.js?v=121aaa3a:700
[15483901ms] [LOG] [vite] server connection lost. Polling for restart... @ http://localhost:5173/@vite/client:559
[15484115ms] [INFO] %cDownload the React DevTools for a better development experience: https://reactjs.org/link/react-devtools font-weight:bold @ http://localhost:5173/node_modules/.vite/deps/chunk-GPNLOFWR.js?v=121aaa3a:21550
[15484119ms] [WARNING] Lit is in dev mode. Not recommended for production! See https://lit.dev/msg/dev-mode for more information. @ http://localhost:5173/node_modules/.vite/deps/@ui5_webcomponents-react.js?v=121aaa3a:14806
[15484133ms] [WARNING] [LocaleData] Supported locale "en_GB" not configured, import the "Assets.js" module from the webcomponents package you are using. @ http://localhost:5173/node_modules/.vite/deps/chunk-LIVYE22X.js?v=121aaa3a:615
[15484133ms] [WARNING] [LocaleData] Falling back to loading "en" locale data from CDN. For production usage, please configure locale data loading via the "Assets.js" module of the webcomponents package you are using. @ http://localhost:5173/node_modules/.vite/deps/chunk-LIVYE22X.js?v=121aaa3a:700
[16585869ms] [LOG] [vite] server connection lost. Polling for restart... @ http://localhost:5173/@vite/client:559
[16586246ms] [INFO] %cDownload the React DevTools for a better development experience: https://reactjs.org/link/react-devtools font-weight:bold @ http://localhost:5173/node_modules/.vite/deps/chunk-GPNLOFWR.js?v=121aaa3a:21550
[16586295ms] [WARNING] Lit is in dev mode. Not recommended for production! See https://lit.dev/msg/dev-mode for more information. @ http://localhost:5173/node_modules/.vite/deps/@ui5_webcomponents-react.js?v=121aaa3a:14806
[16586332ms] [WARNING] [LocaleData] Supported locale "en_GB" not configured, import the "Assets.js" module from the webcomponents package you are using. @ http://localhost:5173/node_modules/.vite/deps/chunk-LIVYE22X.js?v=121aaa3a:615
[16586332ms] [WARNING] [LocaleData] Falling back to loading "en" locale data from CDN. For production usage, please configure locale data loading via the "Assets.js" module of the webcomponents package you are using. @ http://localhost:5173/node_modules/.vite/deps/chunk-LIVYE22X.js?v=121aaa3a:700
[17129521ms] [LOG] [vite] server connection lost. Polling for restart... @ http://localhost:5173/@vite/client:559
[17130280ms] [INFO] %cDownload the React DevTools for a better development experience: https://reactjs.org/link/react-devtools font-weight:bold @ http://localhost:5173/node_modules/.vite/deps/chunk-GPNLOFWR.js?v=121aaa3a:21550
[17130295ms] [WARNING] Lit is in dev mode. Not recommended for production! See https://lit.dev/msg/dev-mode for more information. @ http://localhost:5173/node_modules/.vite/deps/@ui5_webcomponents-react.js?v=121aaa3a:14806
[17130321ms] [WARNING] [LocaleData] Supported locale "en_GB" not configured, import the "Assets.js" module from the webcomponents package you are using. @ http://localhost:5173/node_modules/.vite/deps/chunk-LIVYE22X.js?v=121aaa3a:615
[17130321ms] [WARNING] [LocaleData] Falling back to loading "en" locale data from CDN. For production usage, please configure locale data loading via the "Assets.js" module of the webcomponents package you are using. @ http://localhost:5173/node_modules/.vite/deps/chunk-LIVYE22X.js?v=121aaa3a:700
[18176686ms] [LOG] [vite] server connection lost. Polling for restart... @ http://localhost:5173/@vite/client:559
[18176944ms] [INFO] %cDownload the React DevTools for a better development experience: https://reactjs.org/link/react-devtools font-weight:bold @ http://localhost:5173/node_modules/.vite/deps/chunk-GPNLOFWR.js?v=121aaa3a:21550
[18176953ms] [WARNING] Lit is in dev mode. Not recommended for production! See https://lit.dev/msg/dev-mode for more information. @ http://localhost:5173/node_modules/.vite/deps/@ui5_webcomponents-react.js?v=121aaa3a:14806
[18176982ms] [WARNING] [LocaleData] Supported locale "en_GB" not configured, import the "Assets.js" module from the webcomponents package you are using. @ http://localhost:5173/node_modules/.vite/deps/chunk-LIVYE22X.js?v=121aaa3a:615
[18176982ms] [WARNING] [LocaleData] Falling back to loading "en" locale data from CDN. For production usage, please configure locale data loading via the "Assets.js" module of the webcomponents package you are using. @ http://localhost:5173/node_modules/.vite/deps/chunk-LIVYE22X.js?v=121aaa3a:700
[71801571ms] [LOG] [vite] server connection lost. Polling for restart... @ http://localhost:5173/@vite/client:559
[71802984ms] [INFO] %cDownload the React DevTools for a better development experience: https://reactjs.org/link/react-devtools font-weight:bold @ http://localhost:5173/node_modules/.vite/deps/chunk-GPNLOFWR.js?v=121aaa3a:21550
[71803033ms] [WARNING] Lit is in dev mode. Not recommended for production! See https://lit.dev/msg/dev-mode for more information. @ http://localhost:5173/node_modules/.vite/deps/@ui5_webcomponents-react.js?v=121aaa3a:14806
[71803072ms] [WARNING] [LocaleData] Supported locale "en_GB" not configured, import the "Assets.js" module from the webcomponents package you are using. @ http://localhost:5173/node_modules/.vite/deps/chunk-LIVYE22X.js?v=121aaa3a:615
[71803072ms] [WARNING] [LocaleData] Falling back to loading "en" locale data from CDN. For production usage, please configure locale data loading via the "Assets.js" module of the webcomponents package you are using. @ http://localhost:5173/node_modules/.vite/deps/chunk-LIVYE22X.js?v=121aaa3a:700
[75964425ms] [LOG] [vite] server connection lost. Polling for restart... @ http://localhost:5173/@vite/client:559
[75965564ms] [INFO] %cDownload the React DevTools for a better development experience: https://reactjs.org/link/react-devtools font-weight:bold @ http://localhost:5173/node_modules/.vite/deps/chunk-GPNLOFWR.js?v=121aaa3a:21550
[75965609ms] [WARNING] Lit is in dev mode. Not recommended for production! See https://lit.dev/msg/dev-mode for more information. @ http://localhost:5173/node_modules/.vite/deps/@ui5_webcomponents-react.js?v=121aaa3a:14806
[75965640ms] [WARNING] [LocaleData] Supported locale "en_GB" not configured, import the "Assets.js" module from the webcomponents package you are using. @ http://localhost:5173/node_modules/.vite/deps/chunk-LIVYE22X.js?v=121aaa3a:615
[75965640ms] [WARNING] [LocaleData] Falling back to loading "en" locale data from CDN. For production usage, please configure locale data loading via the "Assets.js" module of the webcomponents package you are using. @ http://localhost:5173/node_modules/.vite/deps/chunk-LIVYE22X.js?v=121aaa3a:700
[142817198ms] [ERROR] Failed to load resource: the server responded with a status of 500 (Internal Server Error) @ http://localhost:5173/CDMService/whoami:0
[142817199ms] [ERROR] Failed to load resource: the server responded with a status of 500 (Internal Server Error) @ http://localhost:5173/CDMService/PendingActions?$filter=status%20eq%20%27pending%27&$orderby=createdAt%20desc:0
[142818904ms] [INFO] %cDownload the React DevTools for a better development experience: https://reactjs.org/link/react-devtools font-weight:bold @ http://localhost:5173/node_modules/.vite/deps/chunk-GPNLOFWR.js?v=121aaa3a:21550
[142818945ms] [WARNING] Lit is in dev mode. Not recommended for production! See https://lit.dev/msg/dev-mode for more information. @ http://localhost:5173/node_modules/.vite/deps/@ui5_webcomponents-react.js?v=121aaa3a:14806
[142818989ms] [WARNING] [LocaleData] Supported locale "en_GB" not configured, import the "Assets.js" module from the webcomponents package you are using. @ http://localhost:5173/node_modules/.vite/deps/chunk-LIVYE22X.js?v=121aaa3a:615
[142818989ms] [WARNING] [LocaleData] Falling back to loading "en" locale data from CDN. For production usage, please configure locale data loading via the "Assets.js" module of the webcomponents package you are using. @ http://localhost:5173/node_modules/.vite/deps/chunk-LIVYE22X.js?v=121aaa3a:700
[142819059ms] [ERROR] Failed to load resource: the server responded with a status of 500 (Internal Server Error) @ http://localhost:5173/CDMService/ClientAgents?$orderby=displayName:0
[142819059ms] [ERROR] Failed to load resource: the server responded with a status of 500 (Internal Server Error) @ http://localhost:5173/CDMService/ContractSubagents:0
[142819059ms] [ERROR] Failed to load resource: the server responded with a status of 500 (Internal Server Error) @ http://localhost:5173/CDMService/AutomationAgents:0
[142819059ms] [ERROR] Failed to load resource: the server responded with a status of 500 (Internal Server Error) @ http://localhost:5173/CDMService/PersonaLayouts:0
[142819060ms] [ERROR] Failed to load resource: the server responded with a status of 500 (Internal Server Error) @ http://localhost:5173/CDMService/AdminConfigs?$filter=configKey%20eq%20%27assistant_name%27:0
[142819060ms] [ERROR] Failed to load resource: the server responded with a status of 500 (Internal Server Error) @ http://localhost:5173/CDMService/PendingActions?$filter=status%20eq%20%27pending%27&$orderby=createdAt%20desc:0
[142819060ms] [ERROR] Failed to load resource: the server responded with a status of 500 (Internal Server Error) @ http://localhost:5173/CDMService/whoami:0
[142834067ms] [ERROR] Failed to load resource: the server responded with a status of 500 (Internal Server Error) @ http://localhost:5173/CDMService/PendingActions?$filter=status%20eq%20%27pending%27&$orderby=createdAt%20desc:0
[323766722ms] [LOG] [vite] server connection lost. Polling for restart... @ http://localhost:5173/@vite/client:559
[323767972ms] [INFO] %cDownload the React DevTools for a better development experience: https://reactjs.org/link/react-devtools font-weight:bold @ http://localhost:5173/node_modules/.vite/deps/chunk-GPNLOFWR.js?v=121aaa3a:21550
[323768028ms] [WARNING] Lit is in dev mode. Not recommended for production! See https://lit.dev/msg/dev-mode for more information. @ http://localhost:5173/node_modules/.vite/deps/@ui5_webcomponents-react.js?v=121aaa3a:14806
[323768090ms] [WARNING] [LocaleData] Supported locale "en_GB" not configured, import the "Assets.js" module from the webcomponents package you are using. @ http://localhost:5173/node_modules/.vite/deps/chunk-LIVYE22X.js?v=121aaa3a:615
[323768090ms] [WARNING] [LocaleData] Falling back to loading "en" locale data from CDN. For production usage, please configure locale data loading via the "Assets.js" module of the webcomponents package you are using. @ http://localhost:5173/node_modules/.vite/deps/chunk-LIVYE22X.js?v=121aaa3a:700
[329775360ms] [LOG] [vite] server connection lost. Polling for restart... @ http://localhost:5173/@vite/client:559
[329776174ms] [INFO] %cDownload the React DevTools for a better development experience: https://reactjs.org/link/react-devtools font-weight:bold @ http://localhost:5173/node_modules/.vite/deps/chunk-GPNLOFWR.js?v=121aaa3a:21550
[329776218ms] [WARNING] Lit is in dev mode. Not recommended for production! See https://lit.dev/msg/dev-mode for more information. @ http://localhost:5173/node_modules/.vite/deps/@ui5_webcomponents-react.js?v=121aaa3a:14806
[329776253ms] [WARNING] [LocaleData] Supported locale "en_GB" not configured, import the "Assets.js" module from the webcomponents package you are using. @ http://localhost:5173/node_modules/.vite/deps/chunk-LIVYE22X.js?v=121aaa3a:615
[329776254ms] [WARNING] [LocaleData] Falling back to loading "en" locale data from CDN. For production usage, please configure locale data loading via the "Assets.js" module of the webcomponents package you are using. @ http://localhost:5173/node_modules/.vite/deps/chunk-LIVYE22X.js?v=121aaa3a:700
[334752345ms] [LOG] [vite] server connection lost. Polling for restart... @ http://localhost:5173/@vite/client:559
[334753379ms] [INFO] %cDownload the React DevTools for a better development experience: https://reactjs.org/link/react-devtools font-weight:bold @ http://localhost:5173/node_modules/.vite/deps/chunk-GPNLOFWR.js?v=121aaa3a:21550
[334753416ms] [WARNING] Lit is in dev mode. Not recommended for production! See https://lit.dev/msg/dev-mode for more information. @ http://localhost:5173/node_modules/.vite/deps/@ui5_webcomponents-react.js?v=121aaa3a:14806
[334753449ms] [WARNING] [LocaleData] Supported locale "en_GB" not configured, import the "Assets.js" module from the webcomponents package you are using. @ http://localhost:5173/node_modules/.vite/deps/chunk-LIVYE22X.js?v=121aaa3a:615
[334753450ms] [WARNING] [LocaleData] Falling back to loading "en" locale data from CDN. For production usage, please configure locale data loading via the "Assets.js" module of the webcomponents package you are using. @ http://localhost:5173/node_modules/.vite/deps/chunk-LIVYE22X.js?v=121aaa3a:700
[337482872ms] [LOG] [vite] server connection lost. Polling for restart... @ http://localhost:5173/@vite/client:559
[337483202ms] [INFO] %cDownload the React DevTools for a better development experience: https://reactjs.org/link/react-devtools font-weight:bold @ http://localhost:5173/node_modules/.vite/deps/chunk-GPNLOFWR.js?v=121aaa3a:21550
[337483250ms] [WARNING] Lit is in dev mode. Not recommended for production! See https://lit.dev/msg/dev-mode for more information. @ http://localhost:5173/node_modules/.vite/deps/@ui5_webcomponents-react.js?v=121aaa3a:14806
[337483284ms] [WARNING] [LocaleData] Supported locale "en_GB" not configured, import the "Assets.js" module from the webcomponents package you are using. @ http://localhost:5173/node_modules/.vite/deps/chunk-LIVYE22X.js?v=121aaa3a:615
[337483284ms] [WARNING] [LocaleData] Falling back to loading "en" locale data from CDN. For production usage, please configure locale data loading via the "Assets.js" module of the webcomponents package you are using. @ http://localhost:5173/node_modules/.vite/deps/chunk-LIVYE22X.js?v=121aaa3a:700
[338825705ms] [LOG] [vite] server connection lost. Polling for restart... @ http://localhost:5173/@vite/client:559
[338826617ms] [INFO] %cDownload the React DevTools for a better development experience: https://reactjs.org/link/react-devtools font-weight:bold @ http://localhost:5173/node_modules/.vite/deps/chunk-GPNLOFWR.js?v=121aaa3a:21550
[338826667ms] [WARNING] Lit is in dev mode. Not recommended for production! See https://lit.dev/msg/dev-mode for more information. @ http://localhost:5173/node_modules/.vite/deps/@ui5_webcomponents-react.js?v=121aaa3a:14806
[338826699ms] [WARNING] [LocaleData] Supported locale "en_GB" not configured, import the "Assets.js" module from the webcomponents package you are using. @ http://localhost:5173/node_modules/.vite/deps/chunk-LIVYE22X.js?v=121aaa3a:615
[338826699ms] [WARNING] [LocaleData] Falling back to loading "en" locale data from CDN. For production usage, please configure locale data loading via the "Assets.js" module of the webcomponents package you are using. @ http://localhost:5173/node_modules/.vite/deps/chunk-LIVYE22X.js?v=121aaa3a:700
[339608181ms] [LOG] [vite] server connection lost. Polling for restart... @ http://localhost:5173/@vite/client:559
[339608515ms] [INFO] %cDownload the React DevTools for a better development experience: https://reactjs.org/link/react-devtools font-weight:bold @ http://localhost:5173/node_modules/.vite/deps/chunk-GPNLOFWR.js?v=121aaa3a:21550
[339608559ms] [WARNING] Lit is in dev mode. Not recommended for production! See https://lit.dev/msg/dev-mode for more information. @ http://localhost:5173/node_modules/.vite/deps/@ui5_webcomponents-react.js?v=121aaa3a:14806
[339608595ms] [WARNING] [LocaleData] Supported locale "en_GB" not configured, import the "Assets.js" module from the webcomponents package you are using. @ http://localhost:5173/node_modules/.vite/deps/chunk-LIVYE22X.js?v=121aaa3a:615
[339608596ms] [WARNING] [LocaleData] Falling back to loading "en" locale data from CDN. For production usage, please configure locale data loading via the "Assets.js" module of the webcomponents package you are using. @ http://localhost:5173/node_modules/.vite/deps/chunk-LIVYE22X.js?v=121aaa3a:700
[342902083ms] [LOG] [vite] server connection lost. Polling for restart... @ http://localhost:5173/@vite/client:559
[342902895ms] [INFO] %cDownload the React DevTools for a better development experience: https://reactjs.org/link/react-devtools font-weight:bold @ http://localhost:5173/node_modules/.vite/deps/chunk-GPNLOFWR.js?v=121aaa3a:21550
[342902939ms] [WARNING] Lit is in dev mode. Not recommended for production! See https://lit.dev/msg/dev-mode for more information. @ http://localhost:5173/node_modules/.vite/deps/@ui5_webcomponents-react.js?v=121aaa3a:14806
[342902973ms] [WARNING] [LocaleData] Supported locale "en_GB" not configured, import the "Assets.js" module from the webcomponents package you are using. @ http://localhost:5173/node_modules/.vite/deps/chunk-LIVYE22X.js?v=121aaa3a:615
[342902973ms] [WARNING] [LocaleData] Falling back to loading "en" locale data from CDN. For production usage, please configure locale data loading via the "Assets.js" module of the webcomponents package you are using. @ http://localhost:5173/node_modules/.vite/deps/chunk-LIVYE22X.js?v=121aaa3a:700
[344034785ms] [LOG] [vite] server connection lost. Polling for restart... @ http://localhost:5173/@vite/client:559
[344035588ms] [INFO] %cDownload the React DevTools for a better development experience: https://reactjs.org/link/react-devtools font-weight:bold @ http://localhost:5173/node_modules/.vite/deps/chunk-GPNLOFWR.js?v=121aaa3a:21550
[344035629ms] [WARNING] Lit is in dev mode. Not recommended for production! See https://lit.dev/msg/dev-mode for more information. @ http://localhost:5173/node_modules/.vite/deps/@ui5_webcomponents-react.js?v=121aaa3a:14806
[344035656ms] [WARNING] [LocaleData] Supported locale "en_GB" not configured, import the "Assets.js" module from the webcomponents package you are using. @ http://localhost:5173/node_modules/.vite/deps/chunk-LIVYE22X.js?v=121aaa3a:615
[344035656ms] [WARNING] [LocaleData] Falling back to loading "en" locale data from CDN. For production usage, please configure locale data loading via the "Assets.js" module of the webcomponents package you are using. @ http://localhost:5173/node_modules/.vite/deps/chunk-LIVYE22X.js?v=121aaa3a:700
[347043859ms] [LOG] [vite] server connection lost. Polling for restart... @ http://localhost:5173/@vite/client:559
[347045066ms] [INFO] %cDownload the React DevTools for a better development experience: https://reactjs.org/link/react-devtools font-weight:bold @ http://localhost:5173/node_modules/.vite/deps/chunk-GPNLOFWR.js?v=121aaa3a:21550
[347045116ms] [WARNING] Lit is in dev mode. Not recommended for production! See https://lit.dev/msg/dev-mode for more information. @ http://localhost:5173/node_modules/.vite/deps/@ui5_webcomponents-react.js?v=121aaa3a:14806
[347045145ms] [WARNING] [LocaleData] Supported locale "en_GB" not configured, import the "Assets.js" module from the webcomponents package you are using. @ http://localhost:5173/node_modules/.vite/deps/chunk-LIVYE22X.js?v=121aaa3a:615
[347045145ms] [WARNING] [LocaleData] Falling back to loading "en" locale data from CDN. For production usage, please configure locale data loading via the "Assets.js" module of the webcomponents package you are using. @ http://localhost:5173/node_modules/.vite/deps/chunk-LIVYE22X.js?v=121aaa3a:700
[348054578ms] [LOG] [vite] server connection lost. Polling for restart... @ http://localhost:5173/@vite/client:559
[348055392ms] [INFO] %cDownload the React DevTools for a better development experience: https://reactjs.org/link/react-devtools font-weight:bold @ http://localhost:5173/node_modules/.vite/deps/chunk-GPNLOFWR.js?v=121aaa3a:21550
[348055438ms] [WARNING] Lit is in dev mode. Not recommended for production! See https://lit.dev/msg/dev-mode for more information. @ http://localhost:5173/node_modules/.vite/deps/@ui5_webcomponents-react.js?v=121aaa3a:14806
[348055469ms] [WARNING] [LocaleData] Supported locale "en_GB" not configured, import the "Assets.js" module from the webcomponents package you are using. @ http://localhost:5173/node_modules/.vite/deps/chunk-LIVYE22X.js?v=121aaa3a:615
[348055469ms] [WARNING] [LocaleData] Falling back to loading "en" locale data from CDN. For production usage, please configure locale data loading via the "Assets.js" module of the webcomponents package you are using. @ http://localhost:5173/node_modules/.vite/deps/chunk-LIVYE22X.js?v=121aaa3a:700
[350783219ms] [LOG] [vite] server connection lost. Polling for restart... @ http://localhost:5173/@vite/client:559
[350784075ms] [INFO] %cDownload the React DevTools for a better development experience: https://reactjs.org/link/react-devtools font-weight:bold @ http://localhost:5173/node_modules/.vite/deps/chunk-GPNLOFWR.js?v=121aaa3a:21550
[350784116ms] [WARNING] Lit is in dev mode. Not recommended for production! See https://lit.dev/msg/dev-mode for more information. @ http://localhost:5173/node_modules/.vite/deps/@ui5_webcomponents-react.js?v=121aaa3a:14806
[350784146ms] [WARNING] [LocaleData] Supported locale "en_GB" not configured, import the "Assets.js" module from the webcomponents package you are using. @ http://localhost:5173/node_modules/.vite/deps/chunk-LIVYE22X.js?v=121aaa3a:615
[350784146ms] [WARNING] [LocaleData] Falling back to loading "en" locale data from CDN. For production usage, please configure locale data loading via the "Assets.js" module of the webcomponents package you are using. @ http://localhost:5173/node_modules/.vite/deps/chunk-LIVYE22X.js?v=121aaa3a:700
[354857869ms] [LOG] [vite] server connection lost. Polling for restart... @ http://localhost:5173/@vite/client:559
[354858776ms] [INFO] %cDownload the React DevTools for a better development experience: https://reactjs.org/link/react-devtools font-weight:bold @ http://localhost:5173/node_modules/.vite/deps/chunk-GPNLOFWR.js?v=121aaa3a:21550
[354858824ms] [WARNING] Lit is in dev mode. Not recommended for production! See https://lit.dev/msg/dev-mode for more information. @ http://localhost:5173/node_modules/.vite/deps/@ui5_webcomponents-react.js?v=121aaa3a:14806
[354858857ms] [WARNING] [LocaleData] Supported locale "en_GB" not configured, import the "Assets.js" module from the webcomponents package you are using. @ http://localhost:5173/node_modules/.vite/deps/chunk-LIVYE22X.js?v=121aaa3a:615
[354858857ms] [WARNING] [LocaleData] Falling back to loading "en" locale data from CDN. For production usage, please configure locale data loading via the "Assets.js" module of the webcomponents package you are using. @ http://localhost:5173/node_modules/.vite/deps/chunk-LIVYE22X.js?v=121aaa3a:700
[361821930ms] [LOG] [vite] server connection lost. Polling for restart... @ http://localhost:5173/@vite/client:559
[361823039ms] [INFO] %cDownload the React DevTools for a better development experience: https://reactjs.org/link/react-devtools font-weight:bold @ http://localhost:5173/node_modules/.vite/deps/chunk-GPNLOFWR.js?v=121aaa3a:21550
[361823078ms] [WARNING] Lit is in dev mode. Not recommended for production! See https://lit.dev/msg/dev-mode for more information. @ http://localhost:5173/node_modules/.vite/deps/@ui5_webcomponents-react.js?v=121aaa3a:14806
[361823113ms] [WARNING] [LocaleData] Supported locale "en_GB" not configured, import the "Assets.js" module from the webcomponents package you are using. @ http://localhost:5173/node_modules/.vite/deps/chunk-LIVYE22X.js?v=121aaa3a:615
[361823113ms] [WARNING] [LocaleData] Falling back to loading "en" locale data from CDN. For production usage, please configure locale data loading via the "Assets.js" module of the webcomponents package you are using. @ http://localhost:5173/node_modules/.vite/deps/chunk-LIVYE22X.js?v=121aaa3a:700
[363210516ms] [LOG] [vite] server connection lost. Polling for restart... @ http://localhost:5173/@vite/client:559
[363211630ms] [INFO] %cDownload the React DevTools for a better development experience: https://reactjs.org/link/react-devtools font-weight:bold @ http://localhost:5173/node_modules/.vite/deps/chunk-GPNLOFWR.js?v=121aaa3a:21550
[363211674ms] [WARNING] Lit is in dev mode. Not recommended for production! See https://lit.dev/msg/dev-mode for more information. @ http://localhost:5173/node_modules/.vite/deps/@ui5_webcomponents-react.js?v=121aaa3a:14806
[363211707ms] [WARNING] [LocaleData] Supported locale "en_GB" not configured, import the "Assets.js" module from the webcomponents package you are using. @ http://localhost:5173/node_modules/.vite/deps/chunk-LIVYE22X.js?v=121aaa3a:615
[363211707ms] [WARNING] [LocaleData] Falling back to loading "en" locale data from CDN. For production usage, please configure locale data loading via the "Assets.js" module of the webcomponents package you are using. @ http://localhost:5173/node_modules/.vite/deps/chunk-LIVYE22X.js?v=121aaa3a:700
[368453025ms] [LOG] [vite] server connection lost. Polling for restart... @ http://localhost:5173/@vite/client:559
[368453740ms] [INFO] %cDownload the React DevTools for a better development experience: https://reactjs.org/link/react-devtools font-weight:bold @ http://localhost:5173/node_modules/.vite/deps/chunk-GPNLOFWR.js?v=121aaa3a:21550
[368453786ms] [WARNING] Lit is in dev mode. Not recommended for production! See https://lit.dev/msg/dev-mode for more information. @ http://localhost:5173/node_modules/.vite/deps/@ui5_webcomponents-react.js?v=121aaa3a:14806
[368453827ms] [WARNING] [LocaleData] Supported locale "en_GB" not configured, import the "Assets.js" module from the webcomponents package you are using. @ http://localhost:5173/node_modules/.vite/deps/chunk-LIVYE22X.js?v=121aaa3a:615
[368453827ms] [WARNING] [LocaleData] Falling back to loading "en" locale data from CDN. For production usage, please configure locale data loading via the "Assets.js" module of the webcomponents package you are using. @ http://localhost:5173/node_modules/.vite/deps/chunk-LIVYE22X.js?v=121aaa3a:700
