[     374ms] [ERROR] Failed to load resource: the server responded with a status of 404 () @ https://cdn.jsdelivr.net/npm/@ui5/webcomponents@2/dist/dist/bundle.esm.js:0
[     376ms] [ERROR] Failed to load resource: the server responded with a status of 404 () @ https://cdn.jsdelivr.net/npm/@ui5/webcomponents-base@2/dist/dist/decorators.js:0
[     376ms] [ERROR] Failed to load resource: the server responded with a status of 404 () @ https://cdn.jsdelivr.net/npm/@ui5/webcomponents-base@2/dist/dist/decorators/event-strict.js:0
[     376ms] [ERROR] Failed to load resource: the server responded with a status of 404 () @ https://cdn.jsdelivr.net/npm/@ui5/webcomponents-base@2/dist/dist/decorators/property.js:0
[     376ms] [ERROR] Failed to load resource: the server responded with a status of 404 () @ https://cdn.jsdelivr.net/npm/@ui5/webcomponents-base@2/dist/dist/util/InvisibleMessage.js:0
[     377ms] [ERROR] Failed to load resource: the server responded with a status of 404 () @ https://cdn.jsdelivr.net/npm/@ui5/webcomponents-base@2/dist/dist/UI5Element.js:0
[     381ms] [ERROR] Failed to load resource: the server responded with a status of 404 () @ https://cdn.jsdelivr.net/npm/@ui5/webcomponents-base@2/dist/dist/util/debounce.js:0
[     381ms] [ERROR] Failed to load resource: the server responded with a status of 404 () @ https://cdn.jsdelivr.net/npm/@ui5/webcomponents-base@2/dist/dist/renderer/JsxRenderer.js:0
[     395ms] [ERROR] Failed to load resource: the server responded with a status of 404 () @ https://cdn.jsdelivr.net/npm/@ui5/webcomponents-base@2/dist/dist/types/NavigationMode.js:0
[     397ms] [ERROR] Failed to load resource: the server responded with a status of 404 () @ https://cdn.jsdelivr.net/npm/@ui5/webcomponents-base@2/dist/dist/decorators/i18n.js:0
[     398ms] [ERROR] Failed to load resource: the server responded with a status of 404 () @ https://cdn.jsdelivr.net/npm/@ui5/webcomponents-base@2/dist/dist/Render.js:0
[     398ms] [ERROR] Failed to load resource: the server responded with a status of 404 () @ https://cdn.jsdelivr.net/npm/@ui5/webcomponents@2/dist/dist/types/ToolbarItemOverflowBehavior.js:0
[     415ms] [ERROR] Failed to load resource: the server responded with a status of 404 () @ https://cdn.jsdelivr.net/npm/@ui5/webcomponents-base@2/dist/dist/Device.js:0
[     415ms] [ERROR] Failed to load resource: the server responded with a status of 404 () @ https://cdn.jsdelivr.net/npm/@ui5/webcomponents-base@2/dist/dist/decorators/slot-strict.js:0
[     431ms] [ERROR] Failed to load resource: the server responded with a status of 404 () @ https://cdn.jsdelivr.net/npm/@ui5/webcomponents-base@2/dist/dist/util/clamp.js:0
[     439ms] [ERROR] Failed to load resource: the server responded with a status of 404 () @ https://cdn.jsdelivr.net/npm/@ui5/webcomponents-base@2/dist/dist/MediaRange.js:0
[     464ms] [ERROR] Failed to load resource: the server responded with a status of 404 () @ https://cdn.jsdelivr.net/npm/@ui5/webcomponents@2/dist/dist/Carousel.js:0
[     466ms] [ERROR] Failed to load resource: the server responded with a status of 404 () @ https://cdn.jsdelivr.net/npm/@ui5/webcomponents-base@2/dist/dist/types/InvisibleMessageMode.js:0
[     466ms] [ERROR] Failed to load resource: the server responded with a status of 404 () @ https://cdn.jsdelivr.net/npm/@ui5/webcomponents-base@2/dist/dist/delegate/ItemNavigation.js:0
[     488ms] [ERROR] Failed to load resource: the server responded with a status of 404 () @ https://cdn.jsdelivr.net/npm/@ui5/webcomponents-base@2/dist/dist/delegate/ResizeHandler.js:0
[     495ms] [ERROR] Failed to load resource: the server responded with a status of 404 () @ https://cdn.jsdelivr.net/npm/@ui5/webcomponents@2/dist/dist/Assets.js:0
[     496ms] [ERROR] Failed to load resource: the server responded with a status of 404 () @ https://cdn.jsdelivr.net/npm/@ui5/webcomponents-base@2/dist/dist/util/createInstanceChecker.js:0
[     499ms] [ERROR] Failed to load resource: the server responded with a status of 404 () @ https://cdn.jsdelivr.net/npm/@ui5/webcomponents@2/dist/dist/Button.js:0
[     501ms] [ERROR] Failed to load resource: the server responded with a status of 404 () @ https://cdn.jsdelivr.net/npm/@ui5/webcomponents@2/dist/dist/MenuItem.js:0
[     501ms] [ERROR] Failed to load resource: the server responded with a status of 404 () @ https://cdn.jsdelivr.net/npm/@ui5/webcomponents-base@2/dist/dist/asset-registries/Illustrations.js:0
[     508ms] [ERROR] Failed to load resource: the server responded with a status of 404 () @ https://cdn.jsdelivr.net/npm/@ui5/webcomponents@2/dist/dist/ListItemBase.js:0
[     512ms] [ERROR] Failed to load resource: the server responded with a status of 404 () @ https://cdn.jsdelivr.net/npm/@ui5/webcomponents@2/dist/dist/ButtonBadge.js:0
[     512ms] [ERROR] Failed to load resource: the server responded with a status of 404 () @ https://cdn.jsdelivr.net/npm/@ui5/webcomponents-base@2/dist/dist/util/TabbableElements.js:0
[     515ms] [ERROR] Failed to load resource: the server responded with a status of 404 () @ https://cdn.jsdelivr.net/npm/@ui5/webcomponents-base@2/dist/dist/renderer/executeTemplate.js:0
[     518ms] [ERROR] Failed to load resource: the server responded with a status of 404 () @ https://cdn.jsdelivr.net/npm/@ui5/webcomponents-base@2/dist/dist/util/generateHighlightedMarkup.js:0
[     527ms] [ERROR] Failed to load resource: the server responded with a status of 404 () @ https://cdn.jsdelivr.net/npm/@ui5/webcomponents-base@2/dist/dist/Keys.js:0
[     531ms] [ERROR] Failed to load resource: the server responded with a status of 404 () @ https://cdn.jsdelivr.net/npm/@ui5/webcomponents@2/dist/dist/types/WrappingType.js:0
[     539ms] [ERROR] Failed to load resource: the server responded with a status of 404 () @ https://cdn.jsdelivr.net/npm/@ui5/webcomponents-base@2/dist/dist/decorators/customElement.js:0
[     539ms] [ERROR] Failed to load resource: the server responded with a status of 404 () @ https://cdn.jsdelivr.net/npm/@ui5/webcomponents@2/dist/dist/Menu.js:0
[     550ms] [ERROR] Failed to load resource: the server responded with a status of 404 () @ https://cdn.jsdelivr.net/npm/@ui5/webcomponents-base@2/dist/dist/util/FocusableElements.js:0
[     554ms] [ERROR] Failed to load resource: the server responded with a status of 404 () @ https://cdn.jsdelivr.net/npm/@ui5/webcomponents@2/dist/dist/Filters.js:0
[     566ms] [ERROR] Failed to load resource: the server responded with a status of 404 () @ https://cdn.jsdelivr.net/npm/@ui5/webcomponents-base@2/dist/dist/config/AnimationMode.js:0
[     576ms] [ERROR] Failed to load resource: the server responded with a status of 404 () @ https://cdn.jsdelivr.net/npm/@ui5/webcomponents-base@2/dist/dist/types/AnimationMode.js:0
[     580ms] [ERROR] Failed to load resource: the server responded with a status of 404 () @ https://cdn.jsdelivr.net/npm/@ui5/webcomponents-base@2/dist/dist/decorators/query.js:0
[     595ms] [ERROR] Failed to load resource: the server responded with a status of 404 () @ https://cdn.jsdelivr.net/npm/@ui5/webcomponents-base@2/dist/dist/util/AccessibilityTextsHelper.js:0
[     605ms] [ERROR] Failed to load resource: the server responded with a status of 404 () @ https://cdn.jsdelivr.net/npm/@ui5/webcomponents-base@2/dist/dist/util/createMultiInstanceChecker.js:0
[     649ms] [ERROR] Failed to load resource: the server responded with a status of 404 () @ https://cdn.jsdelivr.net/npm/@ui5/webcomponents-base@2/dist/dist/sap/base/security/encodeXML.js:0
[     649ms] [ERROR] Failed to load resource: the server responded with a status of 404 () @ https://cdn.jsdelivr.net/npm/@ui5/webcomponents-base@2/dist/dist/util/getActiveElement.js:0
[     651ms] [ERROR] Failed to load resource: the server responded with a status of 404 () @ https://cdn.jsdelivr.net/npm/@ui5/webcomponents@2/dist/dist/ListItemStandard.js:0
[     655ms] [ERROR] Failed to load resource: the server responded with a status of 404 () @ https://cdn.jsdelivr.net/npm/@ui5/webcomponents@2/dist/dist/generated/themes/Menu.css.js:0
[     656ms] [ERROR] Failed to load resource: the server responded with a status of 404 () @ https://cdn.jsdelivr.net/npm/@ui5/webcomponents@2/dist/dist/ListBoxItemGroupTemplate.js:0
[     681ms] [ERROR] Failed to load resource: the server responded with a status of 404 () @ https://cdn.jsdelivr.net/npm/@ui5/webcomponents@2/dist/dist/ListItemGroup.js:0
[     824ms] [ERROR] Failed to load resource: the server responded with a status of 404 () @ https://cdn.jsdelivr.net/npm/@ui5/webcomponents@2/dist/dist/MenuItemGroup.js:0
[     993ms] [ERROR] Failed to load resource: the server responded with a status of 404 () @ https://cdn.jsdelivr.net/npm/@ui5/webcomponents-base@2/dist/dist/converters/DOMReference.js:0
[    3798ms] [ERROR] Failed to load resource: the server responded with a status of 404 () @ https://cdn.jsdelivr.net/npm/@ui5/webcomponents-fiori@2/dist/dist/ssr-zxing.js:0
[   17666ms] Failed to resolve module specifier "@ui5/webcomponents-base/dist/asset-registries/Icons.js". Relative references must start with either "/", "./", or "../".
[   17667ms] Failed to resolve module specifier "@ui5/webcomponents/dist/bundle.esm.js". Relative references must start with either "/", "./", or "../".
