[     233ms] [INFO] %cDownload the React DevTools for a better development experience: https://reactjs.org/link/react-devtools font-weight:bold @ http://localhost:5173/node_modules/.vite/deps/chunk-GPNLOFWR.js?v=c78d10af:21550
[     239ms] [WARNING] Lit is in dev mode. Not recommended for production! See https://lit.dev/msg/dev-mode for more information. @ http://localhost:5173/node_modules/.vite/deps/@ui5_webcomponents-react.js?v=c78d10af:14804
[     272ms] [WARNING] [LocaleData] Supported locale "en_GB" not configured, import the "Assets.js" module from the webcomponents package you are using. @ http://localhost:5173/node_modules/.vite/deps/chunk-OEKNAO3F.js?v=c78d10af:2493
[     272ms] [WARNING] [LocaleData] Falling back to loading "en" locale data from CDN. For production usage, please configure locale data loading via the "Assets.js" module of the webcomponents package you are using. @ http://localhost:5173/node_modules/.vite/deps/chunk-OEKNAO3F.js?v=c78d10af:2578
[     309ms] [ERROR] No loader registered for the SAP-icons-v5 icons collection. Probably you forgot to import the "AllIcons.js" module for the respective package. @ http://localhost:5173/node_modules/.vite/deps/chunk-OEKNAO3F.js?v=c78d10af:5007
[     310ms] [ERROR] No loader registered for the SAP-icons-v5 icons collection. Probably you forgot to import the "AllIcons.js" module for the respective package. @ http://localhost:5173/node_modules/.vite/deps/chunk-OEKNAO3F.js?v=c78d10af:5007
[     310ms] [WARNING] Required icon is not registered. You can either import the icon as a module in order to use it e.g. "@ui5/webcomponents-icons/dist/discussion.js", or setup a JSON build step and import "@ui5/webcomponents-icons/dist/AllIcons.js". @ http://localhost:5173/node_modules/.vite/deps/chunk-OEKNAO3F.js?v=c78d10af:5229
[     318ms] [ERROR] No loader registered for the SAP-icons-v5 icons collection. Probably you forgot to import the "AllIcons.js" module for the respective package. @ http://localhost:5173/node_modules/.vite/deps/chunk-OEKNAO3F.js?v=c78d10af:5007
[     318ms] [ERROR] No loader registered for the SAP-icons-v5 icons collection. Probably you forgot to import the "AllIcons.js" module for the respective package. @ http://localhost:5173/node_modules/.vite/deps/chunk-OEKNAO3F.js?v=c78d10af:5007
[     318ms] [WARNING] Required icon is not registered. You can either import the icon as a module in order to use it e.g. "@ui5/webcomponents-icons/dist/discussion.js", or setup a JSON build step and import "@ui5/webcomponents-icons/dist/AllIcons.js". @ http://localhost:5173/node_modules/.vite/deps/chunk-OEKNAO3F.js?v=c78d10af:5229
[   30768ms] [INFO] %cDownload the React DevTools for a better development experience: https://reactjs.org/link/react-devtools font-weight:bold @ http://localhost:5173/node_modules/.vite/deps/chunk-GPNLOFWR.js?v=c78d10af:21550
[   30773ms] [WARNING] Lit is in dev mode. Not recommended for production! See https://lit.dev/msg/dev-mode for more information. @ http://localhost:5173/node_modules/.vite/deps/@ui5_webcomponents-react.js?v=c78d10af:14804
[   30804ms] [WARNING] [LocaleData] Supported locale "en_GB" not configured, import the "Assets.js" module from the webcomponents package you are using. @ http://localhost:5173/node_modules/.vite/deps/chunk-OEKNAO3F.js?v=c78d10af:2493
[   30805ms] [WARNING] [LocaleData] Falling back to loading "en" locale data from CDN. For production usage, please configure locale data loading via the "Assets.js" module of the webcomponents package you are using. @ http://localhost:5173/node_modules/.vite/deps/chunk-OEKNAO3F.js?v=c78d10af:2578
[   30826ms] [ERROR] No loader registered for the SAP-icons-v5 icons collection. Probably you forgot to import the "AllIcons.js" module for the respective package. @ http://localhost:5173/node_modules/.vite/deps/chunk-OEKNAO3F.js?v=c78d10af:5007
[   30826ms] [ERROR] No loader registered for the SAP-icons-v5 icons collection. Probably you forgot to import the "AllIcons.js" module for the respective package. @ http://localhost:5173/node_modules/.vite/deps/chunk-OEKNAO3F.js?v=c78d10af:5007
[   30827ms] [WARNING] Required icon is not registered. You can either import the icon as a module in order to use it e.g. "@ui5/webcomponents-icons/dist/discussion.js", or setup a JSON build step and import "@ui5/webcomponents-icons/dist/AllIcons.js". @ http://localhost:5173/node_modules/.vite/deps/chunk-OEKNAO3F.js?v=c78d10af:5229
[   30851ms] [ERROR] No loader registered for the SAP-icons-v5 icons collection. Probably you forgot to import the "AllIcons.js" module for the respective package. @ http://localhost:5173/node_modules/.vite/deps/chunk-OEKNAO3F.js?v=c78d10af:5007
[   30852ms] [ERROR] No loader registered for the SAP-icons-v5 icons collection. Probably you forgot to import the "AllIcons.js" module for the respective package. @ http://localhost:5173/node_modules/.vite/deps/chunk-OEKNAO3F.js?v=c78d10af:5007
[   30852ms] [WARNING] Required icon is not registered. You can either import the icon as a module in order to use it e.g. "@ui5/webcomponents-icons/dist/discussion.js", or setup a JSON build step and import "@ui5/webcomponents-icons/dist/AllIcons.js". @ http://localhost:5173/node_modules/.vite/deps/chunk-OEKNAO3F.js?v=c78d10af:5229
[   30866ms] [ERROR] Failed to load resource: the server responded with a status of 500 (Internal Server Error) @ http://localhost:5173/CDMService/ClientAgents?$orderby=displayName:0
[   30867ms] [ERROR] Failed to load resource: the server responded with a status of 500 (Internal Server Error) @ http://localhost:5173/CDMService/ContractSubagents:0
[   30867ms] [ERROR] Failed to load resource: the server responded with a status of 500 (Internal Server Error) @ http://localhost:5173/CDMService/AutomationAgents:0
[   30867ms] [ERROR] Failed to load resource: the server responded with a status of 500 (Internal Server Error) @ http://localhost:5173/CDMService/PendingActions?$filter=status%20eq%20%27pending%27&$orderby=createdAt%20desc:0
[   48860ms] [INFO] %cDownload the React DevTools for a better development experience: https://reactjs.org/link/react-devtools font-weight:bold @ http://localhost:5173/node_modules/.vite/deps/chunk-GPNLOFWR.js?v=c78d10af:21550
[   48874ms] [WARNING] Lit is in dev mode. Not recommended for production! See https://lit.dev/msg/dev-mode for more information. @ http://localhost:5173/node_modules/.vite/deps/@ui5_webcomponents-react.js?v=c78d10af:14804
[   48900ms] [WARNING] [LocaleData] Supported locale "en_GB" not configured, import the "Assets.js" module from the webcomponents package you are using. @ http://localhost:5173/node_modules/.vite/deps/chunk-OEKNAO3F.js?v=c78d10af:2493
[   48900ms] [WARNING] [LocaleData] Falling back to loading "en" locale data from CDN. For production usage, please configure locale data loading via the "Assets.js" module of the webcomponents package you are using. @ http://localhost:5173/node_modules/.vite/deps/chunk-OEKNAO3F.js?v=c78d10af:2578
[   48917ms] [ERROR] No loader registered for the SAP-icons-v5 icons collection. Probably you forgot to import the "AllIcons.js" module for the respective package. @ http://localhost:5173/node_modules/.vite/deps/chunk-OEKNAO3F.js?v=c78d10af:5007
[   48918ms] [ERROR] No loader registered for the SAP-icons-v5 icons collection. Probably you forgot to import the "AllIcons.js" module for the respective package. @ http://localhost:5173/node_modules/.vite/deps/chunk-OEKNAO3F.js?v=c78d10af:5007
[   48918ms] [WARNING] Required icon is not registered. You can either import the icon as a module in order to use it e.g. "@ui5/webcomponents-icons/dist/discussion.js", or setup a JSON build step and import "@ui5/webcomponents-icons/dist/AllIcons.js". @ http://localhost:5173/node_modules/.vite/deps/chunk-OEKNAO3F.js?v=c78d10af:5229
[   48926ms] [ERROR] No loader registered for the SAP-icons-v5 icons collection. Probably you forgot to import the "AllIcons.js" module for the respective package. @ http://localhost:5173/node_modules/.vite/deps/chunk-OEKNAO3F.js?v=c78d10af:5007
[   48926ms] [ERROR] No loader registered for the SAP-icons-v5 icons collection. Probably you forgot to import the "AllIcons.js" module for the respective package. @ http://localhost:5173/node_modules/.vite/deps/chunk-OEKNAO3F.js?v=c78d10af:5007
[   48926ms] [WARNING] Required icon is not registered. You can either import the icon as a module in order to use it e.g. "@ui5/webcomponents-icons/dist/discussion.js", or setup a JSON build step and import "@ui5/webcomponents-icons/dist/AllIcons.js". @ http://localhost:5173/node_modules/.vite/deps/chunk-OEKNAO3F.js?v=c78d10af:5229
[   48927ms] [ERROR] Failed to load resource: the server responded with a status of 500 (Internal Server Error) @ http://localhost:5173/CDMService/ClientAgents?$orderby=displayName:0
[   48927ms] [ERROR] Failed to load resource: the server responded with a status of 500 (Internal Server Error) @ http://localhost:5173/CDMService/ContractSubagents:0
[   48927ms] [ERROR] Failed to load resource: the server responded with a status of 500 (Internal Server Error) @ http://localhost:5173/CDMService/AutomationAgents:0
[   48927ms] [ERROR] Failed to load resource: the server responded with a status of 500 (Internal Server Error) @ http://localhost:5173/CDMService/PendingActions?$filter=status%20eq%20%27pending%27&$orderby=createdAt%20desc:0
[   78979ms] [LOG] [vite] server connection lost. Polling for restart... @ http://localhost:5173/@vite/client:559
[   78981ms] [ERROR] Failed to load resource: net::ERR_CONNECTION_REFUSED @ http://localhost:5173/:0
[   79982ms] [ERROR] Failed to load resource: net::ERR_CONNECTION_REFUSED @ http://localhost:5173/:0
[   80984ms] [ERROR] Failed to load resource: net::ERR_CONNECTION_REFUSED @ http://localhost:5173/:0
[   84594ms] [ERROR] Failed to load resource: net::ERR_CONNECTION_REFUSED @ http://localhost:5173/:0
[   85596ms] [ERROR] Failed to load resource: net::ERR_CONNECTION_REFUSED @ http://localhost:5173/:0
[   89696ms] [ERROR] Failed to load resource: net::ERR_CONNECTION_REFUSED @ http://localhost:5173/:0
[   90698ms] [ERROR] Failed to load resource: net::ERR_CONNECTION_REFUSED @ http://localhost:5173/:0
[   91700ms] [ERROR] Failed to load resource: net::ERR_CONNECTION_REFUSED @ http://localhost:5173/:0
[   92701ms] [ERROR] Failed to load resource: net::ERR_CONNECTION_REFUSED @ http://localhost:5173/:0
[   93704ms] [ERROR] Failed to load resource: net::ERR_CONNECTION_REFUSED @ http://localhost:5173/:0
[   93911ms] [ERROR] Failed to load resource: net::ERR_CONNECTION_REFUSED @ http://localhost:5173/CDMService/PendingActions?$filter=status%20eq%20%27pending%27&$orderby=createdAt%20desc:0
[   94705ms] [ERROR] Failed to load resource: net::ERR_CONNECTION_REFUSED @ http://localhost:5173/:0
[   95707ms] [ERROR] Failed to load resource: net::ERR_CONNECTION_REFUSED @ http://localhost:5173/:0
[   96710ms] [ERROR] Failed to load resource: net::ERR_CONNECTION_REFUSED @ http://localhost:5173/:0
[   97712ms] [ERROR] Failed to load resource: net::ERR_CONNECTION_REFUSED @ http://localhost:5173/:0
[   98715ms] [ERROR] Failed to load resource: net::ERR_CONNECTION_REFUSED @ http://localhost:5173/:0
[   99716ms] [ERROR] Failed to load resource: net::ERR_CONNECTION_REFUSED @ http://localhost:5173/:0
[  100226ms] [ERROR] Failed to load resource: net::ERR_CONNECTION_REFUSED @ http://localhost:5173/CDMService/PersonaLayouts:0
[  100718ms] [ERROR] Failed to load resource: net::ERR_CONNECTION_REFUSED @ http://localhost:5173/:0
[  101721ms] [ERROR] Failed to load resource: net::ERR_CONNECTION_REFUSED @ http://localhost:5173/:0
[  102722ms] [ERROR] Failed to load resource: net::ERR_CONNECTION_REFUSED @ http://localhost:5173/:0
[  103534ms] [ERROR] Failed to load resource: net::ERR_CONNECTION_REFUSED @ http://localhost:5173/CDMService/PendingActions?$filter=status%20eq%20%27pending%27&$orderby=createdAt%20desc:0
[  103724ms] [ERROR] Failed to load resource: net::ERR_CONNECTION_REFUSED @ http://localhost:5173/:0
[  104726ms] [ERROR] Failed to load resource: net::ERR_CONNECTION_REFUSED @ http://localhost:5173/:0
[  105730ms] [ERROR] Failed to load resource: net::ERR_CONNECTION_REFUSED @ http://localhost:5173/:0
[  106732ms] [ERROR] Failed to load resource: net::ERR_CONNECTION_REFUSED @ http://localhost:5173/:0
[  107734ms] [ERROR] Failed to load resource: net::ERR_CONNECTION_REFUSED @ http://localhost:5173/:0
[  108737ms] [ERROR] Failed to load resource: net::ERR_CONNECTION_REFUSED @ http://localhost:5173/:0
[  108911ms] [ERROR] Failed to load resource: net::ERR_CONNECTION_REFUSED @ http://localhost:5173/CDMService/PendingActions?$filter=status%20eq%20%27pending%27&$orderby=createdAt%20desc:0
[  109740ms] [ERROR] Failed to load resource: net::ERR_CONNECTION_REFUSED @ http://localhost:5173/:0
[  110742ms] [ERROR] Failed to load resource: net::ERR_CONNECTION_REFUSED @ http://localhost:5173/:0
[  111745ms] [ERROR] Failed to load resource: net::ERR_CONNECTION_REFUSED @ http://localhost:5173/:0
[  112748ms] [ERROR] Failed to load resource: net::ERR_CONNECTION_REFUSED @ http://localhost:5173/:0
[  113750ms] [ERROR] Failed to load resource: net::ERR_CONNECTION_REFUSED @ http://localhost:5173/:0
[  114752ms] [ERROR] Failed to load resource: net::ERR_CONNECTION_REFUSED @ http://localhost:5173/:0
[  116432ms] [INFO] %cDownload the React DevTools for a better development experience: https://reactjs.org/link/react-devtools font-weight:bold @ http://localhost:5173/node_modules/.vite/deps/chunk-GPNLOFWR.js?v=a435063f:21550
[  116465ms] [WARNING] Lit is in dev mode. Not recommended for production! See https://lit.dev/msg/dev-mode for more information. @ http://localhost:5173/node_modules/.vite/deps/@ui5_webcomponents-react.js?v=6674789f:14804
[  116488ms] [WARNING] [LocaleData] Supported locale "en_GB" not configured, import the "Assets.js" module from the webcomponents package you are using. @ http://localhost:5173/node_modules/.vite/deps/chunk-OEKNAO3F.js?v=a435063f:2493
[  116488ms] [WARNING] [LocaleData] Falling back to loading "en" locale data from CDN. For production usage, please configure locale data loading via the "Assets.js" module of the webcomponents package you are using. @ http://localhost:5173/node_modules/.vite/deps/chunk-OEKNAO3F.js?v=a435063f:2578
[  116510ms] [ERROR] No loader registered for the SAP-icons-v5 icons collection. Probably you forgot to import the "AllIcons.js" module for the respective package. @ http://localhost:5173/node_modules/.vite/deps/chunk-OEKNAO3F.js?v=a435063f:5007
[  116510ms] [ERROR] No loader registered for the SAP-icons-v5 icons collection. Probably you forgot to import the "AllIcons.js" module for the respective package. @ http://localhost:5173/node_modules/.vite/deps/chunk-OEKNAO3F.js?v=a435063f:5007
[  116511ms] [WARNING] Required icon is not registered. You can either import the icon as a module in order to use it e.g. "@ui5/webcomponents-icons/dist/discussion.js", or setup a JSON build step and import "@ui5/webcomponents-icons/dist/AllIcons.js". @ http://localhost:5173/node_modules/.vite/deps/chunk-OEKNAO3F.js?v=a435063f:5229
[  116517ms] [ERROR] No loader registered for the SAP-icons-v5 icons collection. Probably you forgot to import the "AllIcons.js" module for the respective package. @ http://localhost:5173/node_modules/.vite/deps/chunk-OEKNAO3F.js?v=a435063f:5007
[  116517ms] [ERROR] No loader registered for the SAP-icons-v5 icons collection. Probably you forgot to import the "AllIcons.js" module for the respective package. @ http://localhost:5173/node_modules/.vite/deps/chunk-OEKNAO3F.js?v=a435063f:5007
[  116517ms] [WARNING] Required icon is not registered. You can either import the icon as a module in order to use it e.g. "@ui5/webcomponents-icons/dist/discussion.js", or setup a JSON build step and import "@ui5/webcomponents-icons/dist/AllIcons.js". @ http://localhost:5173/node_modules/.vite/deps/chunk-OEKNAO3F.js?v=a435063f:5229
