[     609ms] [INFO] %cDownload the React DevTools for a better development experience: https://reactjs.org/link/react-devtools font-weight:bold @ http://localhost:5173/node_modules/.vite/deps/chunk-GPNLOFWR.js?v=121aaa3a:21550
[     615ms] [WARNING] Lit is in dev mode. Not recommended for production! See https://lit.dev/msg/dev-mode for more information. @ http://localhost:5173/node_modules/.vite/deps/@ui5_webcomponents-react.js?v=121aaa3a:14806
[     632ms] [WARNING] [LocaleData] Supported locale "en_GB" not configured, import the "Assets.js" module from the webcomponents package you are using. @ http://localhost:5173/node_modules/.vite/deps/chunk-LIVYE22X.js?v=121aaa3a:615
[     632ms] [WARNING] [LocaleData] Falling back to loading "en" locale data from CDN. For production usage, please configure locale data loading via the "Assets.js" module of the webcomponents package you are using. @ http://localhost:5173/node_modules/.vite/deps/chunk-LIVYE22X.js?v=121aaa3a:700
[    8140ms] [ERROR] Failed to load resource: the server responded with a status of 500 (Internal Server Error) @ http://localhost:5173/api/chat:0
[  124009ms] [INFO] %cDownload the React DevTools for a better development experience: https://reactjs.org/link/react-devtools font-weight:bold @ http://localhost:5173/node_modules/.vite/deps/chunk-GPNLOFWR.js?v=121aaa3a:21550
[  124014ms] [WARNING] Lit is in dev mode. Not recommended for production! See https://lit.dev/msg/dev-mode for more information. @ http://localhost:5173/node_modules/.vite/deps/@ui5_webcomponents-react.js?v=121aaa3a:14806
[  124038ms] [WARNING] [LocaleData] Supported locale "en_GB" not configured, import the "Assets.js" module from the webcomponents package you are using. @ http://localhost:5173/node_modules/.vite/deps/chunk-LIVYE22X.js?v=121aaa3a:615
[  124039ms] [WARNING] [LocaleData] Falling back to loading "en" locale data from CDN. For production usage, please configure locale data loading via the "Assets.js" module of the webcomponents package you are using. @ http://localhost:5173/node_modules/.vite/deps/chunk-LIVYE22X.js?v=121aaa3a:700
[  143294ms] [INFO] %cDownload the React DevTools for a better development experience: https://reactjs.org/link/react-devtools font-weight:bold @ http://localhost:5173/node_modules/.vite/deps/chunk-GPNLOFWR.js?v=121aaa3a:21550
[  143297ms] [WARNING] Lit is in dev mode. Not recommended for production! See https://lit.dev/msg/dev-mode for more information. @ http://localhost:5173/node_modules/.vite/deps/@ui5_webcomponents-react.js?v=121aaa3a:14806
[  143320ms] [WARNING] [LocaleData] Supported locale "en_GB" not configured, import the "Assets.js" module from the webcomponents package you are using. @ http://localhost:5173/node_modules/.vite/deps/chunk-LIVYE22X.js?v=121aaa3a:615
[  143321ms] [WARNING] [LocaleData] Falling back to loading "en" locale data from CDN. For production usage, please configure locale data loading via the "Assets.js" module of the webcomponents package you are using. @ http://localhost:5173/node_modules/.vite/deps/chunk-LIVYE22X.js?v=121aaa3a:700
[  197514ms] [INFO] %cDownload the React DevTools for a better development experience: https://reactjs.org/link/react-devtools font-weight:bold @ http://localhost:5173/node_modules/.vite/deps/chunk-GPNLOFWR.js?v=121aaa3a:21550
[  197518ms] [WARNING] Lit is in dev mode. Not recommended for production! See https://lit.dev/msg/dev-mode for more information. @ http://localhost:5173/node_modules/.vite/deps/@ui5_webcomponents-react.js?v=121aaa3a:14806
[  197545ms] [WARNING] [LocaleData] Supported locale "en_GB" not configured, import the "Assets.js" module from the webcomponents package you are using. @ http://localhost:5173/node_modules/.vite/deps/chunk-LIVYE22X.js?v=121aaa3a:615
[  197545ms] [WARNING] [LocaleData] Falling back to loading "en" locale data from CDN. For production usage, please configure locale data loading via the "Assets.js" module of the webcomponents package you are using. @ http://localhost:5173/node_modules/.vite/deps/chunk-LIVYE22X.js?v=121aaa3a:700
[  211959ms] [INFO] %cDownload the React DevTools for a better development experience: https://reactjs.org/link/react-devtools font-weight:bold @ http://localhost:5173/node_modules/.vite/deps/chunk-GPNLOFWR.js?v=121aaa3a:21550
[  211962ms] [WARNING] Lit is in dev mode. Not recommended for production! See https://lit.dev/msg/dev-mode for more information. @ http://localhost:5173/node_modules/.vite/deps/@ui5_webcomponents-react.js?v=121aaa3a:14806
[  211988ms] [WARNING] [LocaleData] Supported locale "en_GB" not configured, import the "Assets.js" module from the webcomponents package you are using. @ http://localhost:5173/node_modules/.vite/deps/chunk-LIVYE22X.js?v=121aaa3a:615
[  211989ms] [WARNING] [LocaleData] Falling back to loading "en" locale data from CDN. For production usage, please configure locale data loading via the "Assets.js" module of the webcomponents package you are using. @ http://localhost:5173/node_modules/.vite/deps/chunk-LIVYE22X.js?v=121aaa3a:700
[  259538ms] [ERROR] Failed to load resource: the server responded with a status of 500 (Internal Server Error) @ http://localhost:5173/src/api.js?t=1777472937473:0
[  259538ms] [ERROR] [hmr] Failed to reload /src/components/RequestDetailDrawer.jsx. This could be due to syntax errors or importing non-existent modules. (see errors above) @ http://localhost:5173/@vite/client:175
[  259538ms] [ERROR] [hmr] Failed to reload /src/components/NewRequestModal.jsx. This could be due to syntax errors or importing non-existent modules. (see errors above) @ http://localhost:5173/@vite/client:175
[  259538ms] [ERROR] [hmr] Failed to reload /src/components/panels/FieldForm.jsx. This could be due to syntax errors or importing non-existent modules. (see errors above) @ http://localhost:5173/@vite/client:175
[  259538ms] [ERROR] [hmr] Failed to reload /src/components/NavTree.jsx. This could be due to syntax errors or importing non-existent modules. (see errors above) @ http://localhost:5173/@vite/client:175
[  259539ms] [ERROR] [hmr] Failed to reload /src/components/ChatShell.jsx. This could be due to syntax errors or importing non-existent modules. (see errors above) @ http://localhost:5173/@vite/client:175
[  259539ms] [ERROR] [hmr] Failed to reload /src/components/InboxView.jsx. This could be due to syntax errors or importing non-existent modules. (see errors above) @ http://localhost:5173/@vite/client:175
[  259539ms] [ERROR] [hmr] Failed to reload /src/components/panels/Checklist.jsx. This could be due to syntax errors or importing non-existent modules. (see errors above) @ http://localhost:5173/@vite/client:175
[  259539ms] [ERROR] [hmr] Failed to reload /src/components/panels/ConfirmDialog.jsx. This could be due to syntax errors or importing non-existent modules. (see errors above) @ http://localhost:5173/@vite/client:175
[  259539ms] [ERROR] [hmr] Failed to reload /src/App.jsx. This could be due to syntax errors or importing non-existent modules. (see errors above) @ http://localhost:5173/@vite/client:175
[  259539ms] [ERROR] [hmr] Failed to reload /src/components/PersonaShell.jsx. This could be due to syntax errors or importing non-existent modules. (see errors above) @ http://localhost:5173/@vite/client:175
[  270730ms] [ERROR] [hmr] Failed to reload /src/components/ChatShell.jsx. This could be due to syntax errors or importing non-existent modules. (see errors above) @ http://localhost:5173/@vite/client:175
[  272001ms] [ERROR] Failed to load resource: the server responded with a status of 500 (Internal Server Error) @ http://localhost:5173/CDMService/PendingActions?$filter=status%20eq%20%27pending%27&$orderby=createdAt%20desc:0
[  277869ms] [ERROR] [hmr] Failed to reload /src/components/ChatShell.jsx. This could be due to syntax errors or importing non-existent modules. (see errors above) @ http://localhost:5173/@vite/client:175
[  282860ms] [ERROR] [hmr] Failed to reload /src/components/ChatShell.jsx. This could be due to syntax errors or importing non-existent modules. (see errors above) @ http://localhost:5173/@vite/client:175
