[      87ms] [INFO] %cDownload the React DevTools for a better development experience: https://reactjs.org/link/react-devtools font-weight:bold @ http://localhost:5173/node_modules/.vite/deps/chunk-GPNLOFWR.js?v=78d52f63:21550
[      90ms] [WARNING] Lit is in dev mode. Not recommended for production! See https://lit.dev/msg/dev-mode for more information. @ http://localhost:5173/node_modules/.vite/deps/@ui5_webcomponents-react.js?v=78d52f63:14806
[     103ms] [WARNING] [LocaleData] Supported locale "en_GB" not configured, import the "Assets.js" module from the webcomponents package you are using. @ http://localhost:5173/node_modules/.vite/deps/chunk-LIVYE22X.js?v=78d52f63:615
[     103ms] [WARNING] [LocaleData] Falling back to loading "en" locale data from CDN. For production usage, please configure locale data loading via the "Assets.js" module of the webcomponents package you are using. @ http://localhost:5173/node_modules/.vite/deps/chunk-LIVYE22X.js?v=78d52f63:700
[  536995ms] [ERROR] Failed to load resource: the server responded with a status of 500 (Internal Server Error) @ http://localhost:5173/CDMService/ClientAgents?$orderby=displayName:0
[  536995ms] [ERROR] Failed to load resource: the server responded with a status of 500 (Internal Server Error) @ http://localhost:5173/CDMService/ContractSubagents:0
[  536996ms] [ERROR] Failed to load resource: the server responded with a status of 500 (Internal Server Error) @ http://localhost:5173/CDMService/AutomationAgents:0
[  536996ms] [ERROR] Failed to load resource: the server responded with a status of 500 (Internal Server Error) @ http://localhost:5173/CDMService/whoami:0
[  536998ms] [ERROR] Failed to load resource: the server responded with a status of 500 (Internal Server Error) @ http://localhost:5173/CDMService/PendingActions?$filter=status%20eq%20%27pending%27&$orderby=createdAt%20desc:0
[  551255ms] [LOG] [vite] server connection lost. Polling for restart... @ http://localhost:5173/@vite/client:559
[  551368ms] [ERROR] Failed to load resource: net::ERR_CONNECTION_REFUSED @ http://localhost:5173/:0
[  552126ms] [ERROR] Failed to load resource: the server responded with a status of 500 (Internal Server Error) @ http://localhost:5173/CDMService/PendingActions?$filter=status%20eq%20%27pending%27&$orderby=createdAt%20desc:0
[  557049ms] [INFO] %cDownload the React DevTools for a better development experience: https://reactjs.org/link/react-devtools font-weight:bold @ http://localhost:5173/node_modules/.vite/deps/chunk-GPNLOFWR.js?v=f878daa4:21550
[  557084ms] [WARNING] Lit is in dev mode. Not recommended for production! See https://lit.dev/msg/dev-mode for more information. @ http://localhost:5173/node_modules/.vite/deps/@ui5_webcomponents-react.js?v=5d271008:14806
[  557113ms] [WARNING] [LocaleData] Supported locale "en_GB" not configured, import the "Assets.js" module from the webcomponents package you are using. @ http://localhost:5173/node_modules/.vite/deps/chunk-LIVYE22X.js?v=f878daa4:615
[  557113ms] [WARNING] [LocaleData] Falling back to loading "en" locale data from CDN. For production usage, please configure locale data loading via the "Assets.js" module of the webcomponents package you are using. @ http://localhost:5173/node_modules/.vite/deps/chunk-LIVYE22X.js?v=f878daa4:700
[  557171ms] [ERROR] Failed to load resource: the server responded with a status of 500 (Internal Server Error) @ http://localhost:5173/CDMService/whoami:0
[  557176ms] [ERROR] Failed to load resource: the server responded with a status of 500 (Internal Server Error) @ http://localhost:5173/CDMService/PendingActions?$filter=status%20eq%20%27pending%27&$orderby=createdAt%20desc:0
[  557176ms] [ERROR] Failed to load resource: the server responded with a status of 500 (Internal Server Error) @ http://localhost:5173/CDMService/ContractSubagents:0
[  557177ms] [ERROR] Failed to load resource: the server responded with a status of 500 (Internal Server Error) @ http://localhost:5173/CDMService/AutomationAgents:0
[  557177ms] [ERROR] Failed to load resource: the server responded with a status of 500 (Internal Server Error) @ http://localhost:5173/CDMService/ClientAgents?$orderby=displayName:0
[  580096ms] [LOG] [vite] server connection lost. Polling for restart... @ http://localhost:5173/@vite/client:559
[  580097ms] [ERROR] Failed to load resource: net::ERR_CONNECTION_REFUSED @ http://localhost:5173/:0
[  581099ms] [ERROR] Failed to load resource: net::ERR_CONNECTION_REFUSED @ http://localhost:5173/:0
[  582101ms] [ERROR] Failed to load resource: net::ERR_CONNECTION_REFUSED @ http://localhost:5173/:0
[  583102ms] [ERROR] Failed to load resource: net::ERR_CONNECTION_REFUSED @ http://localhost:5173/:0
[  584105ms] [ERROR] Failed to load resource: net::ERR_CONNECTION_REFUSED @ http://localhost:5173/:0
[  585107ms] [ERROR] Failed to load resource: net::ERR_CONNECTION_REFUSED @ http://localhost:5173/:0
[  586109ms] [ERROR] Failed to load resource: net::ERR_CONNECTION_REFUSED @ http://localhost:5173/:0
[  587111ms] [ERROR] Failed to load resource: net::ERR_CONNECTION_REFUSED @ http://localhost:5173/:0
[  588112ms] [ERROR] Failed to load resource: net::ERR_CONNECTION_REFUSED @ http://localhost:5173/:0
[  589114ms] [ERROR] Failed to load resource: net::ERR_CONNECTION_REFUSED @ http://localhost:5173/:0
[  589384ms] [ERROR] Failed to load resource: net::ERR_CONNECTION_REFUSED @ http://localhost:5173/node_modules/.vite/deps/InputComposition-HSJZYAME.js?v=f878daa4:0
[  589387ms] Failed to fetch dynamically imported module: http://localhost:5173/node_modules/.vite/deps/InputComposition-HSJZYAME.js?v=f878daa4
[  589387ms] Failed to fetch dynamically imported module: http://localhost:5173/node_modules/.vite/deps/InputComposition-HSJZYAME.js?v=f878daa4
[  589387ms] Failed to fetch dynamically imported module: http://localhost:5173/node_modules/.vite/deps/InputComposition-HSJZYAME.js?v=f878daa4
[  589387ms] Failed to fetch dynamically imported module: http://localhost:5173/node_modules/.vite/deps/InputComposition-HSJZYAME.js?v=f878daa4
[  589387ms] Failed to fetch dynamically imported module: http://localhost:5173/node_modules/.vite/deps/InputComposition-HSJZYAME.js?v=f878daa4
[  589387ms] Failed to fetch dynamically imported module: http://localhost:5173/node_modules/.vite/deps/InputComposition-HSJZYAME.js?v=f878daa4
[  589387ms] Failed to fetch dynamically imported module: http://localhost:5173/node_modules/.vite/deps/InputComposition-HSJZYAME.js?v=f878daa4
[  590117ms] [ERROR] Failed to load resource: net::ERR_CONNECTION_REFUSED @ http://localhost:5173/:0
[  590641ms] [ERROR] Failed to load resource: net::ERR_CONNECTION_REFUSED @ http://localhost:5173/CDMService/PendingActions?$filter=status%20eq%20%27pending%27&$orderby=createdAt%20desc:0
[  590646ms] [ERROR] Failed to load resource: net::ERR_CONNECTION_REFUSED @ http://localhost:5173/CDMService/PersonaLayouts:0
[  591119ms] [ERROR] Failed to load resource: net::ERR_CONNECTION_REFUSED @ http://localhost:5173/:0
[  591287ms] [ERROR] Failed to load resource: net::ERR_CONNECTION_REFUSED @ http://localhost:5173/CDMService/PendingActions?$filter=status%20eq%20%27pending%27&$orderby=createdAt%20desc:0
[  592120ms] [ERROR] Failed to load resource: net::ERR_CONNECTION_REFUSED @ http://localhost:5173/:0
[  593122ms] [ERROR] Failed to load resource: net::ERR_CONNECTION_REFUSED @ http://localhost:5173/:0
[  594125ms] [ERROR] Failed to load resource: net::ERR_CONNECTION_REFUSED @ http://localhost:5173/:0
[  607656ms] [INFO] %cDownload the React DevTools for a better development experience: https://reactjs.org/link/react-devtools font-weight:bold @ http://localhost:5173/node_modules/.vite/deps/chunk-GPNLOFWR.js?v=121aaa3a:21550
[  607688ms] [WARNING] Lit is in dev mode. Not recommended for production! See https://lit.dev/msg/dev-mode for more information. @ http://localhost:5173/node_modules/.vite/deps/@ui5_webcomponents-react.js?v=121aaa3a:14806
[  607715ms] [WARNING] [LocaleData] Supported locale "en_GB" not configured, import the "Assets.js" module from the webcomponents package you are using. @ http://localhost:5173/node_modules/.vite/deps/chunk-LIVYE22X.js?v=121aaa3a:615
[  607715ms] [WARNING] [LocaleData] Falling back to loading "en" locale data from CDN. For production usage, please configure locale data loading via the "Assets.js" module of the webcomponents package you are using. @ http://localhost:5173/node_modules/.vite/deps/chunk-LIVYE22X.js?v=121aaa3a:700
