[      75ms] [INFO] %cDownload the React DevTools for a better development experience: https://reactjs.org/link/react-devtools font-weight:bold @ http://localhost:5173/node_modules/.vite/deps/chunk-GPNLOFWR.js?v=121aaa3a:21550
[      79ms] [WARNING] Lit is in dev mode. Not recommended for production! See https://lit.dev/msg/dev-mode for more information. @ http://localhost:5173/node_modules/.vite/deps/@ui5_webcomponents-react.js?v=121aaa3a:14806
[      95ms] [WARNING] [LocaleData] Supported locale "en_GB" not configured, import the "Assets.js" module from the webcomponents package you are using. @ http://localhost:5173/node_modules/.vite/deps/chunk-LIVYE22X.js?v=121aaa3a:615
[      95ms] [WARNING] [LocaleData] Falling back to loading "en" locale data from CDN. For production usage, please configure locale data loading via the "Assets.js" module of the webcomponents package you are using. @ http://localhost:5173/node_modules/.vite/deps/chunk-LIVYE22X.js?v=121aaa3a:700
[  522442ms] [LOG] [vite] server connection lost. Polling for restart... @ http://localhost:5173/@vite/client:559
[  523572ms] [INFO] %cDownload the React DevTools for a better development experience: https://reactjs.org/link/react-devtools font-weight:bold @ http://localhost:5173/node_modules/.vite/deps/chunk-GPNLOFWR.js?v=121aaa3a:21550
[  523607ms] [WARNING] Lit is in dev mode. Not recommended for production! See https://lit.dev/msg/dev-mode for more information. @ http://localhost:5173/node_modules/.vite/deps/@ui5_webcomponents-react.js?v=121aaa3a:14806
[  523642ms] [WARNING] [LocaleData] Supported locale "en_GB" not configured, import the "Assets.js" module from the webcomponents package you are using. @ http://localhost:5173/node_modules/.vite/deps/chunk-LIVYE22X.js?v=121aaa3a:615
[  523642ms] [WARNING] [LocaleData] Falling back to loading "en" locale data from CDN. For production usage, please configure locale data loading via the "Assets.js" module of the webcomponents package you are using. @ http://localhost:5173/node_modules/.vite/deps/chunk-LIVYE22X.js?v=121aaa3a:700
[ 8934027ms] [LOG] [vite] server connection lost. Polling for restart... @ http://localhost:5173/@vite/client:559
[ 8934932ms] [INFO] %cDownload the React DevTools for a better development experience: https://reactjs.org/link/react-devtools font-weight:bold @ http://localhost:5173/node_modules/.vite/deps/chunk-GPNLOFWR.js?v=121aaa3a:21550
[ 8934972ms] [WARNING] Lit is in dev mode. Not recommended for production! See https://lit.dev/msg/dev-mode for more information. @ http://localhost:5173/node_modules/.vite/deps/@ui5_webcomponents-react.js?v=121aaa3a:14806
[ 8935035ms] [WARNING] [LocaleData] Supported locale "en_GB" not configured, import the "Assets.js" module from the webcomponents package you are using. @ http://localhost:5173/node_modules/.vite/deps/chunk-LIVYE22X.js?v=121aaa3a:615
[ 8935035ms] [WARNING] [LocaleData] Falling back to loading "en" locale data from CDN. For production usage, please configure locale data loading via the "Assets.js" module of the webcomponents package you are using. @ http://localhost:5173/node_modules/.vite/deps/chunk-LIVYE22X.js?v=121aaa3a:700
[ 9099064ms] [LOG] [vite] server connection lost. Polling for restart... @ http://localhost:5173/@vite/client:559
[ 9099826ms] [INFO] %cDownload the React DevTools for a better development experience: https://reactjs.org/link/react-devtools font-weight:bold @ http://localhost:5173/node_modules/.vite/deps/chunk-GPNLOFWR.js?v=121aaa3a:21550
[ 9099857ms] [WARNING] Lit is in dev mode. Not recommended for production! See https://lit.dev/msg/dev-mode for more information. @ http://localhost:5173/node_modules/.vite/deps/@ui5_webcomponents-react.js?v=121aaa3a:14806
[ 9099887ms] [WARNING] [LocaleData] Supported locale "en_GB" not configured, import the "Assets.js" module from the webcomponents package you are using. @ http://localhost:5173/node_modules/.vite/deps/chunk-LIVYE22X.js?v=121aaa3a:615
[ 9099887ms] [WARNING] [LocaleData] Falling back to loading "en" locale data from CDN. For production usage, please configure locale data loading via the "Assets.js" module of the webcomponents package you are using. @ http://localhost:5173/node_modules/.vite/deps/chunk-LIVYE22X.js?v=121aaa3a:700
[ 9768723ms] [LOG] [vite] server connection lost. Polling for restart... @ http://localhost:5173/@vite/client:559
[ 9769202ms] [INFO] %cDownload the React DevTools for a better development experience: https://reactjs.org/link/react-devtools font-weight:bold @ http://localhost:5173/node_modules/.vite/deps/chunk-GPNLOFWR.js?v=121aaa3a:21550
[ 9769207ms] [WARNING] Lit is in dev mode. Not recommended for production! See https://lit.dev/msg/dev-mode for more information. @ http://localhost:5173/node_modules/.vite/deps/@ui5_webcomponents-react.js?v=121aaa3a:14806
[ 9769230ms] [WARNING] [LocaleData] Supported locale "en_GB" not configured, import the "Assets.js" module from the webcomponents package you are using. @ http://localhost:5173/node_modules/.vite/deps/chunk-LIVYE22X.js?v=121aaa3a:615
[ 9769231ms] [WARNING] [LocaleData] Falling back to loading "en" locale data from CDN. For production usage, please configure locale data loading via the "Assets.js" module of the webcomponents package you are using. @ http://localhost:5173/node_modules/.vite/deps/chunk-LIVYE22X.js?v=121aaa3a:700
[51984996ms] [LOG] [vite] server connection lost. Polling for restart... @ http://localhost:5173/@vite/client:559
[51985474ms] [INFO] %cDownload the React DevTools for a better development experience: https://reactjs.org/link/react-devtools font-weight:bold @ http://localhost:5173/node_modules/.vite/deps/chunk-GPNLOFWR.js?v=121aaa3a:21550
[51985513ms] [WARNING] Lit is in dev mode. Not recommended for production! See https://lit.dev/msg/dev-mode for more information. @ http://localhost:5173/node_modules/.vite/deps/@ui5_webcomponents-react.js?v=121aaa3a:14806
[51985546ms] [WARNING] [LocaleData] Supported locale "en_GB" not configured, import the "Assets.js" module from the webcomponents package you are using. @ http://localhost:5173/node_modules/.vite/deps/chunk-LIVYE22X.js?v=121aaa3a:615
[51985547ms] [WARNING] [LocaleData] Falling back to loading "en" locale data from CDN. For production usage, please configure locale data loading via the "Assets.js" module of the webcomponents package you are using. @ http://localhost:5173/node_modules/.vite/deps/chunk-LIVYE22X.js?v=121aaa3a:700
[56539875ms] [ERROR] Failed to load resource: the server responded with a status of 500 (Internal Server Error) @ http://localhost:5173/CDMService/PendingActions?$filter=status%20eq%20%27pending%27&$orderby=createdAt%20desc:0
[56554832ms] [ERROR] Failed to load resource: the server responded with a status of 500 (Internal Server Error) @ http://localhost:5173/CDMService/PendingActions?$filter=status%20eq%20%27pending%27&$orderby=createdAt%20desc:0
[57625759ms] [LOG] [vite] server connection lost. Polling for restart... @ http://localhost:5173/@vite/client:559
[57626195ms] [INFO] %cDownload the React DevTools for a better development experience: https://reactjs.org/link/react-devtools font-weight:bold @ http://localhost:5173/node_modules/.vite/deps/chunk-GPNLOFWR.js?v=121aaa3a:21550
[57626226ms] [WARNING] Lit is in dev mode. Not recommended for production! See https://lit.dev/msg/dev-mode for more information. @ http://localhost:5173/node_modules/.vite/deps/@ui5_webcomponents-react.js?v=121aaa3a:14806
[57626262ms] [WARNING] [LocaleData] Supported locale "en_GB" not configured, import the "Assets.js" module from the webcomponents package you are using. @ http://localhost:5173/node_modules/.vite/deps/chunk-LIVYE22X.js?v=121aaa3a:615
[57626262ms] [WARNING] [LocaleData] Falling back to loading "en" locale data from CDN. For production usage, please configure locale data loading via the "Assets.js" module of the webcomponents package you are using. @ http://localhost:5173/node_modules/.vite/deps/chunk-LIVYE22X.js?v=121aaa3a:700
[58170346ms] [LOG] [vite] server connection lost. Polling for restart... @ http://localhost:5173/@vite/client:559
[58170724ms] [INFO] %cDownload the React DevTools for a better development experience: https://reactjs.org/link/react-devtools font-weight:bold @ http://localhost:5173/node_modules/.vite/deps/chunk-GPNLOFWR.js?v=121aaa3a:21550
[58170758ms] [WARNING] Lit is in dev mode. Not recommended for production! See https://lit.dev/msg/dev-mode for more information. @ http://localhost:5173/node_modules/.vite/deps/@ui5_webcomponents-react.js?v=121aaa3a:14806
[58170787ms] [WARNING] [LocaleData] Supported locale "en_GB" not configured, import the "Assets.js" module from the webcomponents package you are using. @ http://localhost:5173/node_modules/.vite/deps/chunk-LIVYE22X.js?v=121aaa3a:615
[58170787ms] [WARNING] [LocaleData] Falling back to loading "en" locale data from CDN. For production usage, please configure locale data loading via the "Assets.js" module of the webcomponents package you are using. @ http://localhost:5173/node_modules/.vite/deps/chunk-LIVYE22X.js?v=121aaa3a:700
[58820121ms] [LOG] [vite] server connection lost. Polling for restart... @ http://localhost:5173/@vite/client:559
[58821044ms] [INFO] %cDownload the React DevTools for a better development experience: https://reactjs.org/link/react-devtools font-weight:bold @ http://localhost:5173/node_modules/.vite/deps/chunk-GPNLOFWR.js?v=121aaa3a:21550
[58821076ms] [WARNING] Lit is in dev mode. Not recommended for production! See https://lit.dev/msg/dev-mode for more information. @ http://localhost:5173/node_modules/.vite/deps/@ui5_webcomponents-react.js?v=121aaa3a:14806
[58821103ms] [WARNING] [LocaleData] Supported locale "en_GB" not configured, import the "Assets.js" module from the webcomponents package you are using. @ http://localhost:5173/node_modules/.vite/deps/chunk-LIVYE22X.js?v=121aaa3a:615
[58821103ms] [WARNING] [LocaleData] Falling back to loading "en" locale data from CDN. For production usage, please configure locale data loading via the "Assets.js" module of the webcomponents package you are using. @ http://localhost:5173/node_modules/.vite/deps/chunk-LIVYE22X.js?v=121aaa3a:700
[61461993ms] [ERROR] Failed to load resource: the server responded with a status of 500 (Internal Server Error) @ http://localhost:5173/CDMService/PendingActions?$filter=status%20eq%20%27pending%27&$orderby=createdAt%20desc:0
[61509864ms] [ERROR] Failed to load resource: the server responded with a status of 504 (Outdated Request) @ http://localhost:5173/src/App.jsx?t=1777538704436:0
[61509864ms] [ERROR] Failed to load resource: the server responded with a status of 504 (Outdated Request) @ http://localhost:5173/src/components/PersonaShell.jsx?t=1777538704436:0
[61509865ms] [ERROR] [hmr] Failed to reload /src/App.jsx. This could be due to syntax errors or importing non-existent modules. (see errors above) @ http://localhost:5173/@vite/client:175
[61509866ms] [ERROR] [hmr] Failed to reload /src/components/PersonaShell.jsx. This could be due to syntax errors or importing non-existent modules. (see errors above) @ http://localhost:5173/@vite/client:175
[61509866ms] [ERROR] Failed to load resource: the server responded with a status of 504 (Outdated Request) @ http://localhost:5173/src/components/InboxView.jsx?t=1777538704436:0
[61509866ms] [ERROR] Failed to load resource: the server responded with a status of 504 (Outdated Request) @ http://localhost:5173/src/components/NavTree.jsx?t=1777538704436:0
[61509866ms] [ERROR] Failed to load resource: the server responded with a status of 504 (Outdated Request) @ http://localhost:5173/src/components/panels/FieldForm.jsx?t=1777538704436:0
[61509866ms] [ERROR] Failed to load resource: the server responded with a status of 504 (Outdated Request) @ http://localhost:5173/src/components/panels/Checklist.jsx?t=1777538704436:0
[61509866ms] [ERROR] Failed to load resource: the server responded with a status of 504 (Outdated Request) @ http://localhost:5173/src/components/panels/ConfirmDialog.jsx?t=1777538704436:0
[61509866ms] [ERROR] Failed to load resource: the server responded with a status of 504 (Outdated Request) @ http://localhost:5173/src/components/ChatShell.jsx?t=1777538704436:0
[61509866ms] [ERROR] [hmr] Failed to reload /src/components/InboxView.jsx. This could be due to syntax errors or importing non-existent modules. (see errors above) @ http://localhost:5173/@vite/client:175
[61509867ms] [ERROR] [hmr] Failed to reload /src/components/NavTree.jsx. This could be due to syntax errors or importing non-existent modules. (see errors above) @ http://localhost:5173/@vite/client:175
[61509867ms] [ERROR] [hmr] Failed to reload /src/components/panels/FieldForm.jsx. This could be due to syntax errors or importing non-existent modules. (see errors above) @ http://localhost:5173/@vite/client:175
[61509867ms] [ERROR] [hmr] Failed to reload /src/components/panels/Checklist.jsx. This could be due to syntax errors or importing non-existent modules. (see errors above) @ http://localhost:5173/@vite/client:175
[61509867ms] [ERROR] [hmr] Failed to reload /src/components/panels/ConfirmDialog.jsx. This could be due to syntax errors or importing non-existent modules. (see errors above) @ http://localhost:5173/@vite/client:175
[61509867ms] [ERROR] [hmr] Failed to reload /src/components/ChatShell.jsx. This could be due to syntax errors or importing non-existent modules. (see errors above) @ http://localhost:5173/@vite/client:175
[61509867ms] [ERROR] Failed to load resource: the server responded with a status of 504 (Outdated Request) @ http://localhost:5173/src/components/RequestDetailDrawer.jsx?t=1777538704436:0
[61509867ms] [ERROR] [hmr] Failed to reload /src/components/RequestDetailDrawer.jsx. This could be due to syntax errors or importing non-existent modules. (see errors above) @ http://localhost:5173/@vite/client:175
[61509868ms] [ERROR] Failed to load resource: the server responded with a status of 504 (Outdated Request) @ http://localhost:5173/src/components/NewRequestModal.jsx?t=1777538704436:0
[61509868ms] [ERROR] [hmr] Failed to reload /src/components/NewRequestModal.jsx. This could be due to syntax errors or importing non-existent modules. (see errors above) @ http://localhost:5173/@vite/client:175
[61509993ms] [LOG] [vite] server connection lost. Polling for restart... @ http://localhost:5173/@vite/client:559
[61510014ms] [ERROR] Failed to load resource: net::ERR_CONNECTION_REFUSED @ http://localhost:5173/:0
[61511743ms] [INFO] %cDownload the React DevTools for a better development experience: https://reactjs.org/link/react-devtools font-weight:bold @ http://localhost:5173/node_modules/.vite/deps/chunk-GPNLOFWR.js?v=121aaa3a:21550
[61511776ms] [WARNING] Lit is in dev mode. Not recommended for production! See https://lit.dev/msg/dev-mode for more information. @ http://localhost:5173/node_modules/.vite/deps/@ui5_webcomponents-react.js?v=121aaa3a:14806
[61511803ms] [WARNING] [LocaleData] Supported locale "en_GB" not configured, import the "Assets.js" module from the webcomponents package you are using. @ http://localhost:5173/node_modules/.vite/deps/chunk-LIVYE22X.js?v=121aaa3a:615
[61511803ms] [WARNING] [LocaleData] Falling back to loading "en" locale data from CDN. For production usage, please configure locale data loading via the "Assets.js" module of the webcomponents package you are using. @ http://localhost:5173/node_modules/.vite/deps/chunk-LIVYE22X.js?v=121aaa3a:700
[63416852ms] [ERROR] Failed to load resource: the server responded with a status of 500 (Internal Server Error) @ http://localhost:5173/CDMService/PendingActions?$filter=status%20eq%20%27pending%27&$orderby=createdAt%20desc:0
